TAP version 13
# Subtest: loads various reference interfaceview.xml files
    # Subtest: references/opus2/demo/ar/taste-components/egse/interfaceview.xml
    ok 1 - references/opus2/demo/ar/taste-components/egse/interfaceview.xml
      ---
      duration_ms: 7.544085
      ...
    # Subtest: references/opus2/data/decoder/space-packet-decoder/interfaceview.xml
    ok 2 - references/opus2/data/decoder/space-packet-decoder/interfaceview.xml
      ---
      duration_ms: 1.52809
      ...
    # Subtest: references/TASTE-SAMV71-RTEMS-Tests/tests/samv71-rtems-interfaces/TEST-SAMV71-INTERFACES/interfaceview.xml
    ok 3 - references/TASTE-SAMV71-RTEMS-Tests/tests/samv71-rtems-interfaces/TEST-SAMV71-INTERFACES/interfaceview.xml
      ---
      duration_ms: 4.721161
      ...
    # Subtest: references/TASTE-SAMV71-RTEMS-Tests/tests/samv71-rtems-parameter-encoding/TEST-SAMV71-PARAMETER-ENCODING/interfaceview.xml
    ok 4 - references/TASTE-SAMV71-RTEMS-Tests/tests/samv71-rtems-parameter-encoding/TEST-SAMV71-PARAMETER-ENCODING/interfaceview.xml
      ---
      duration_ms: 1.264983
      ...
    # Subtest: references/TASTE-SAMV71-RTEMS-Tests/tests/samv71-rtems-can/samv71-rtems-can-simple/interfaceview.xml
    ok 5 - references/TASTE-SAMV71-RTEMS-Tests/tests/samv71-rtems-can/samv71-rtems-can-simple/interfaceview.xml
      ---
      duration_ms: 0.862676
      ...
    # Subtest: references/TASTE-SAMV71-RTEMS-Tests/tests/samv71-rtems-cpp/interfaceview.xml
    ok 6 - references/TASTE-SAMV71-RTEMS-Tests/tests/samv71-rtems-cpp/interfaceview.xml
      ---
      duration_ms: 0.811498
      ...
    1..6
ok 1 - loads various reference interfaceview.xml files
  ---
  duration_ms: 18.545011
  ...
# Subtest: round-trips selected interfaceview.xml files ignoring whitespace only
    # Subtest: references/opus2/demo/ar/taste-components/egse/interfaceview.xml
    not ok 1 - references/opus2/demo/ar/taste-components/egse/interfaceview.xml
      ---
      duration_ms: 7.660767
      location: '/home/lurker/Workspaces/vscive/.test-out/test/interfaceview.test.js:37:23'
      failureType: 'testCodeFailure'
      error: |-
        Expected values to be strictly equal:
        + actual - expected
        
        + '<InterfaceView version="1.3" asn1file="/home/taste/tool-inst/share/taste-types/taste-types.asn" UiFile="interfaceview.ui.xml" modifierHash="73f9764"><Function id="{d96c3f33-d7e5-42b4-a961-e61bbaaccf9d}" name="egse" language="SDL" is_type="NO" fixed_system_element="NO" required_system_element="NO" default_implementation="default" instances_min="1" instances_max="1" startup_priority="1"><Function id="{99dd0b90-a0ec-48c3-b2f1-f59d6c12b274}" name="TcTmMMI" language="GUI" is_type="NO" fixed_system_element="NO" required_system_element="NO" default_implementation="default" instances_min="1" instances_max="1" startup_priority="1"><Provided_Interface id="{cbd40a63-3873-445f-8afd-0cbc080cd3ce}" name="tm" kind="Sporadic" enable_multicast="true" layer="default" required_system_element="NO" is_simulink_interface="false" priority="1" miat="0" wcet="0" queue_size="4" stack_size="1024"><Input_Parameter name="tm" type="ALPHA-TELEMETRY" encoding="NATIVE"/></Provided_Interface><Required_Interface id="{cc8f7a16-c1f0-4351-af9a-d131d3ff8742}" name="tc" kind="Sporadic" enable_multicast="true" layer="default" required_system_element="NO" is_simulink_interface="false" priority="1" miat="0" wcet="0" queue_size="4" stack_size="1024"><Input_Parameter name="payload" type="ALPHA-TELECOMMAND" encoding="NATIVE"/><Property name="Taste::InheritPI" value="true"/><Property name="Taste::Autonamed" value="true"/></Required_Interface><Implementations><Implementation name="default" language="GUI"/></Implementations><Property name="TASTE_IV_Properties::Default_Codegen" value="Ada"/></Function><Function id="{6784098b-f1de-40cf-9d45-c5a7c935b591}" name="crc_helper" language="Blackbox_C" is_type="NO" fixed_system_element="NO" required_system_element="NO" default_implementation="default" instances_min="1" instances_max="1" startup_priority="1"><Provided_Interface id="{b3044ab0-0416-4cec-850b-03bcc34f0343}" name="check_crc" kind="Unprotected" enable_multicast="true" layer="default" required_system_element="NO" is_simulink_interface="false" is_alarm="false" wcet="0" is_observable="false"><Input_Parameter name="telemetry" type="ROOT-SPACE-PACKET-TELEMETRY" encoding="ACN"/><Output_Parameter name="result" type="ROOT-BOOLEAN" encoding="NATIVE"/></Provided_Interface><Provided_Interface id="{4f6b3875-3efa-43f3-b591-4e84963c0e65}" name="calculate_crc" kind="Unprotected" enable_multicast="true" layer="default" required_system_element="NO" is_simulink_interface="false" is_alarm="false" wcet="0" is_observable="false"><Input_Parameter name="telecommand" type="ROOT-SPACE-PACKET-TELECOMMAND" encoding="ACN"/><Output_Parameter name="crc" type="ROOT-UINT16" encoding="NATIVE"/></Provided_Interface><Implementations><Implementation name="default" language="Blackbox_C"/></Implementations><Property name="TASTE_IV_Properties::Default_Codegen" value="Ada"/></Function><Function id="{409f7d6e-5706-4dfa-b9ef-d9dc119637ff}" name="egse_encoder" language="Blackbox_C" is_type="NO" fixed_system_element="NO" required_system_element="NO" default_implementation="default" instances_min="1" instances_max="1" startup_priority="1"><Provided_Interface id="{8f259268-4654-4fcf-8ecd-b45ab5ffb1f6}" name="encode_tc" kind="Unprotected" enable_multicast="true" layer="default" required_system_element="NO" is_simulink_interface="false" is_alarm="false" wcet="0" is_observable="false"><Input_Parameter name="telecommand" type="ALPHA-TELECOMMAND" encoding="ACN"/><Output_Parameter name="space_packet_data" type="ROOT-SPACE-PACKET-DATA-FIELD" encoding="NATIVE"/></Provided_Interface><Provided_Interface id="{c7356f58-d4ff-4cdc-acde-46e37b18e872}" name="decode_tm" kind="Unprotected" enable_multicast="true" layer="default" required_system_element="NO" is_simulink_interface="false" is_alarm="false" wcet="0" is_observable="false"><Input_Parameter name="space_packet_data" type="ROOT-SPACE-PACKET-DATA-FIELD" encoding="NATIVE"/><Output_Parameter name="telemetry" type="ALPHA-TELEMETRY" encoding="ACN"/></Provided_Interface><Implementations><Implementation name="default" language="Blackbox_C"/></Implementations><Property name="TASTE_IV_Properties::Default_Codegen" value="Ada"/></Function><Function id="{ea1515ad-37fa-4b04-824c-468925491514}" name="egse" language="C" is_type="NO" fixed_system_element="NO" required_system_element="NO" default_implementation="default" instances_min="1" instances_max="1" startup_priority="1"><Provided_Interface id="{f293f78f-2839-4804-9b14-dc42b001e739}" name="tm_packet" kind="Sporadic" enable_multicast="true" layer="default" required_system_element="NO" is_simulink_interface="false" priority="1" miat="0" wcet="0" queue_size="4" stack_size="1024"><Input_Parameter name="packet" type="ROOT-SPACE-PACKET-TELEMETRY" encoding="ACN"/></Provided_Interface><Provided_Interface id="{e5d7e1de-adc6-4b5c-a8db-e7ca902fff02}" name="tc" kind="Sporadic" enable_multicast="true" layer="default" required_system_element="NO" is_simulink_interface="false" priority="1" miat="0" wcet="0" queue_size="4" stack_size="1024"><Input_Parameter name="payload" type="ALPHA-TELECOMMAND" encoding="NATIVE"/></Provided_Interface><Required_Interface id="{7fbd7765-58a0-4ce3-8349-b4aacc70e625}" name="tc_packet" kind="Sporadic" group_name="link" enable_multicast="true" layer="default" required_system_element="NO" is_simulink_interface="false" priority="1" miat="0" wcet="0" queue_size="4" stack_size="1024"><Input_Parameter name="p1" type="ROOT-SPACE-PACKET-TELECOMMAND" encoding="ACN"/><Property name="Taste::InheritPI" value="true"/></Required_Interface><Required_Interface id="{ba7ae8d4-6336-4d36-92cc-14a8012c92e0}" name="tm" kind="Sporadic" enable_multicast="true" layer="default" required_system_element="NO" is_simulink_interface="false" priority="1" miat="0" wcet="0" queue_size="4" stack_size="1024"><Input_Parameter name="tm" type="ALPHA-TELEMETRY" encoding="NATIVE"/><Property name="Taste::InheritPI" value="true"/><Property name="Taste::Autonamed" value="true"/></Required_Interface><Required_Interface id="{86342520-2ae2-4c0b-b852-df57dd5f649e}" name="encode_tc" kind="Unprotected" enable_multicast="true" layer="default" required_system_element="NO" is_simulink_interface="false" is_alarm="false" wcet="0" is_observable="false"><Input_Parameter name="telecommand" type="ALPHA-TELECOMMAND" encoding="ACN"/><Output_Parameter name="space_packet_data" type="ROOT-SPACE-PACKET-DATA-FIELD" encoding="NATIVE"/><Property name="Taste::InheritPI" value="true"/><Property name="Taste::Autonamed" value="true"/></Required_Interface><Required_Interface id="{c3fc1023-2f95-4269-a27f-eb23969dfeb3}" name="decode_tm" kind="Unprotected" enable_multicast="true" layer="default" required_system_element="NO" is_simulink_interface="false" is_alarm="false" wcet="0" is_observable="false"><Input_Parameter name="space_packet_data" type="ROOT-SPACE-PACKET-DATA-FIELD" encoding="NATIVE"/><Output_Parameter name="telemetry" type="ALPHA-TELEMETRY" encoding="ACN"/><Property name="Taste::InheritPI" value="true"/><Property name="Taste::Autonamed" value="true"/></Required_Interface><Required_Interface id="{36a7a465-5d07-46ba-9d92-74916d6b1e5d}" name="check_crc" kind="Unprotected" enable_multicast="true" layer="default" required_system_element="NO" is_simulink_interface="false" is_alarm="false" wcet="0" is_observable="false"><Input_Parameter name="telemetry" type="ROOT-SPACE-PACKET-TELEMETRY" encoding="ACN"/><Output_Parameter name="result" type="ROOT-BOOLEAN" encoding="NATIVE"/><Property name="Taste::InheritPI" value="true"/><Property name="Taste::Autonamed" value="true"/></Required_Interface><Required_Interface id="{04202d36-d9c3-428a-9a58-9cdbae8c0594}" name="calculate_crc" kind="Unprotected" enable_multicast="true" layer="default" required_system_element="NO" is_simulink_interface="false" is_alarm="false" wcet="0" is_observable="false"><Input_Parameter name="telecommand" type="ROOT-SPACE-PACKET-TELECOMMAND" encoding="ACN"/><Output_Parameter name="crc" type="ROOT-UINT16" encoding="NATIVE"/><Property name="Taste::InheritPI" value="true"/><Property name="Taste::Autonamed" value="true"/></Required_Interface><Implementations><Implementation name="default" language="C"/></Implementations><Property name="TASTE_IV_Properties::Default_Codegen" value="Ada"/></Function><Connection id="{36f4acc1-a5d6-4723-932e-9a3629994906}" name="egse_decode_tm____egse_encoder_decode_tm" required_system_element="NO"><Source iface_id="{c3fc1023-2f95-4269-a27f-eb23969dfeb3}" func_name="egse" ri_name="decode_tm"/><Target iface_id="{c7356f58-d4ff-4cdc-acde-46e37b18e872}" func_name="egse_encoder" pi_name="decode_tm"/></Connection><Connection id="{684f61df-9ba8-420b-bdb5-eed87af2449e}" name="calculate_crc" required_system_element="NO"><Source iface_id="{04202d36-d9c3-428a-9a58-9cdbae8c0594}" func_name="egse" ri_name="calculate_crc"/><Target iface_id="{4f6b3875-3efa-43f3-b591-4e84963c0e65}" func_name="crc_helper" pi_name="calculate_crc"/></Connection><Connection id="{b5595bcf-633d-4ee2-a2fe-b03a84b34264}" name="TcTmMMI_tc____egse_tc" required_system_element="NO"><Source iface_id="{cc8f7a16-c1f0-4351-af9a-d131d3ff8742}" func_name="TcTmMMI" ri_name="tc"/><Target iface_id="{e5d7e1de-adc6-4b5c-a8db-e7ca902fff02}" func_name="egse" pi_name="tc"/></Connection><Connection id="{d59aa0b6-2055-483b-adcf-271e0254e6d9}" name="egse_tm____TcTmMMI_tm" required_system_element="NO"><Source iface_id="{ba7ae8d4-6336-4d36-92cc-14a8012c92e0}" func_name="egse" ri_name="tm"/><Target iface_id="{cbd40a63-3873-445f-8afd-0cbc080cd3ce}" func_name="TcTmMMI" pi_name="tm"/></Connection><Connection id="{e14365e3-8dab-48f2-a0b2-31510e8c1f8c}" name="egse_encode_tc____egse_encoder_encode_tc" required_system_element="NO"><Source iface_id="{86342520-2ae2-4c0b-b852-df57dd5f649e}" func_name="egse" ri_name="encode_tc"/><Target iface_id="{8f259268-4654-4fcf-8ecd-b45ab5ffb1f6}" func_name="egse_encoder" pi_name="encode_tc"/></Connection><Connection id="{1dfc4319-55df-4310-8620-8c63094831c5}" name="check_crc" required_system_element="NO"><Source iface_id="{3'... 408 more characters
        - '<InterfaceView version="1.3" asn1file="/home/taste/tool-inst/share/taste-types/taste-types.asn" UiFile="interfaceview.ui.xml" modifierHash="73f9764"><Function id="{d96c3f33-d7e5-42b4-a961-e61bbaaccf9d}" name="egse" is_type="NO" language="SDL" default_implementation="default" fixed_system_element="NO" required_system_element="NO" instances_min="1" instances_max="1" startup_priority="1"><Property name="TASTE_IV_Properties::Default_Codegen" value="Ada"/><Function id="{99dd0b90-a0ec-48c3-b2f1-f59d6c12b274}" name="TcTmMMI" is_type="NO" language="GUI" default_implementation="default" fixed_system_element="NO" required_system_element="NO" instances_min="1" instances_max="1" startup_priority="1"><Property name="TASTE_IV_Properties::Default_Codegen" value="Ada"/><Provided_Interface id="{cbd40a63-3873-445f-8afd-0cbc080cd3ce}" name="tm" kind="Sporadic" enable_multicast="true" layer="default" required_system_element="NO" is_simulink_interface="false" priority="1" miat="0" wcet="0" queue_size="4" stack_size="1024"><Input_Parameter name="tm" type="ALPHA-TELEMETRY" encoding="NATIVE"/></Provided_Interface><Required_Interface id="{cc8f7a16-c1f0-4351-af9a-d131d3ff8742}" name="tc" kind="Sporadic" enable_multicast="true" layer="default" required_system_element="NO" is_simulink_interface="false" priority="1" miat="0" wcet="0" queue_size="4" stack_size="1024"><Input_Parameter name="payload" type="ALPHA-TELECOMMAND" encoding="NATIVE"/><Property name="Taste::InheritPI" value="true"/><Property name="Taste::Autonamed" value="true"/></Required_Interface><Implementations><Implementation name="default" language="GUI"/></Implementations></Function><Function id="{6784098b-f1de-40cf-9d45-c5a7c935b591}" name="crc_helper" is_type="NO" language="Blackbox_C" default_implementation="default" fixed_system_element="NO" required_system_element="NO" instances_min="1" instances_max="1" startup_priority="1"><Property name="TASTE_IV_Properties::Default_Codegen" value="Ada"/><Provided_Interface id="{b3044ab0-0416-4cec-850b-03bcc34f0343}" name="check_crc" kind="Unprotected" enable_multicast="true" layer="default" required_system_element="NO" is_simulink_interface="false" is_alarm="false" wcet="0" is_observable="false"><Input_Parameter name="telemetry" type="ROOT-SPACE-PACKET-TELEMETRY" encoding="ACN"/><Output_Parameter name="result" type="ROOT-BOOLEAN" encoding="NATIVE"/></Provided_Interface><Provided_Interface id="{4f6b3875-3efa-43f3-b591-4e84963c0e65}" name="calculate_crc" kind="Unprotected" enable_multicast="true" layer="default" required_system_element="NO" is_simulink_interface="false" is_alarm="false" wcet="0" is_observable="false"><Input_Parameter name="telecommand" type="ROOT-SPACE-PACKET-TELECOMMAND" encoding="ACN"/><Output_Parameter name="crc" type="ROOT-UINT16" encoding="NATIVE"/></Provided_Interface><Implementations><Implementation name="default" language="Blackbox_C"/></Implementations></Function><Function id="{409f7d6e-5706-4dfa-b9ef-d9dc119637ff}" name="egse_encoder" is_type="NO" language="Blackbox_C" default_implementation="default" fixed_system_element="NO" required_system_element="NO" instances_min="1" instances_max="1" startup_priority="1"><Property name="TASTE_IV_Properties::Default_Codegen" value="Ada"/><Provided_Interface id="{8f259268-4654-4fcf-8ecd-b45ab5ffb1f6}" name="encode_tc" kind="Unprotected" enable_multicast="true" layer="default" required_system_element="NO" is_simulink_interface="false" is_alarm="false" wcet="0" is_observable="false"><Output_Parameter name="space_packet_data" type="ROOT-SPACE-PACKET-DATA-FIELD" encoding="NATIVE"/><Input_Parameter name="telecommand" type="ALPHA-TELECOMMAND" encoding="ACN"/></Provided_Interface><Provided_Interface id="{c7356f58-d4ff-4cdc-acde-46e37b18e872}" name="decode_tm" kind="Unprotected" enable_multicast="true" layer="default" required_system_element="NO" is_simulink_interface="false" is_alarm="false" wcet="0" is_observable="false"><Input_Parameter name="space_packet_data" type="ROOT-SPACE-PACKET-DATA-FIELD" encoding="NATIVE"/><Output_Parameter name="telemetry" type="ALPHA-TELEMETRY" encoding="ACN"/></Provided_Interface><Implementations><Implementation name="default" language="Blackbox_C"/></Implementations></Function><Function id="{ea1515ad-37fa-4b04-824c-468925491514}" name="egse" is_type="NO" language="C" default_implementation="default" fixed_system_element="NO" required_system_element="NO" instances_min="1" instances_max="1" startup_priority="1"><Property name="TASTE_IV_Properties::Default_Codegen" value="Ada"/><Provided_Interface id="{f293f78f-2839-4804-9b14-dc42b001e739}" name="tm_packet" kind="Sporadic" enable_multicast="true" layer="default" required_system_element="NO" is_simulink_interface="false" priority="1" miat="0" wcet="0" queue_size="4" stack_size="1024"><Input_Parameter name="packet" type="ROOT-SPACE-PACKET-TELEMETRY" encoding="ACN"/></Provided_Interface><Provided_Interface id="{e5d7e1de-adc6-4b5c-a8db-e7ca902fff02}" name="tc" kind="Sporadic" enable_multicast="true" layer="default" required_system_element="NO" is_simulink_interface="false" priority="1" miat="0" wcet="0" queue_size="4" stack_size="1024"><Input_Parameter name="payload" type="ALPHA-TELECOMMAND" encoding="NATIVE"/></Provided_Interface><Required_Interface id="{7fbd7765-58a0-4ce3-8349-b4aacc70e625}" name="tc_packet" kind="Sporadic" group_name="link" enable_multicast="true" layer="default" required_system_element="NO" is_simulink_interface="false" priority="1" miat="0" wcet="0" queue_size="4" stack_size="1024"><Input_Parameter name="p1" type="ROOT-SPACE-PACKET-TELECOMMAND" encoding="ACN"/><Property name="Taste::InheritPI" value="true"/><Property name="Taste::Autonamed" value="false"/></Required_Interface><Required_Interface id="{ba7ae8d4-6336-4d36-92cc-14a8012c92e0}" name="tm" kind="Sporadic" enable_multicast="true" layer="default" required_system_element="NO" is_simulink_interface="false" priority="1" miat="0" wcet="0" queue_size="4" stack_size="1024"><Input_Parameter name="tm" type="ALPHA-TELEMETRY" encoding="NATIVE"/><Property name="Taste::InheritPI" value="true"/><Property name="Taste::Autonamed" value="true"/></Required_Interface><Required_Interface id="{86342520-2ae2-4c0b-b852-df57dd5f649e}" name="encode_tc" kind="Unprotected" enable_multicast="true" layer="default" required_system_element="NO" is_simulink_interface="false" is_alarm="false" wcet="0" is_observable="false"><Output_Parameter name="space_packet_data" type="ROOT-SPACE-PACKET-DATA-FIELD" encoding="NATIVE"/><Input_Parameter name="telecommand" type="ALPHA-TELECOMMAND" encoding="ACN"/><Property name="Taste::InheritPI" value="true"/><Property name="Taste::Autonamed" value="true"/></Required_Interface><Required_Interface id="{c3fc1023-2f95-4269-a27f-eb23969dfeb3}" name="decode_tm" kind="Unprotected" enable_multicast="true" layer="default" required_system_element="NO" is_simulink_interface="false" is_alarm="false" wcet="0" is_observable="false"><Input_Parameter name="space_packet_data" type="ROOT-SPACE-PACKET-DATA-FIELD" encoding="NATIVE"/><Output_Parameter name="telemetry" type="ALPHA-TELEMETRY" encoding="ACN"/><Property name="Taste::InheritPI" value="true"/><Property name="Taste::Autonamed" value="true"/></Required_Interface><Required_Interface id="{36a7a465-5d07-46ba-9d92-74916d6b1e5d}" name="check_crc" kind="Unprotected" enable_multicast="true" layer="default" required_system_element="NO" is_simulink_interface="false" is_alarm="false" wcet="0" is_observable="false"><Input_Parameter name="telemetry" type="ROOT-SPACE-PACKET-TELEMETRY" encoding="ACN"/><Output_Parameter name="result" type="ROOT-BOOLEAN" encoding="NATIVE"/><Property name="Taste::InheritPI" value="true"/><Property name="Taste::Autonamed" value="true"/></Required_Interface><Required_Interface id="{04202d36-d9c3-428a-9a58-9cdbae8c0594}" name="calculate_crc" kind="Unprotected" enable_multicast="true" layer="default" required_system_element="NO" is_simulink_interface="false" is_alarm="false" wcet="0" is_observable="false"><Input_Parameter name="telecommand" type="ROOT-SPACE-PACKET-TELECOMMAND" encoding="ACN"/><Output_Parameter name="crc" type="ROOT-UINT16" encoding="NATIVE"/><Property name="Taste::InheritPI" value="true"/><Property name="Taste::Autonamed" value="true"/></Required_Interface><Implementations><Implementation name="default" language="C"/></Implementations></Function><Connection id="{36f4acc1-a5d6-4723-932e-9a3629994906}" name="egse_decode_tm____egse_encoder_decode_tm" required_system_element="NO"><Source iface_id="{c3fc1023-2f95-4269-a27f-eb23969dfeb3}" func_name="egse" ri_name="decode_tm"/><Target iface_id="{c7356f58-d4ff-4cdc-acde-46e37b18e872}" func_name="egse_encoder" pi_name="decode_tm"/></Connection><Connection id="{684f61df-9ba8-420b-bdb5-eed87af2449e}" required_system_element="NO"><Source iface_id="{04202d36-d9c3-428a-9a58-9cdbae8c0594}" func_name="egse" ri_name="calculate_crc"/><Target iface_id="{4f6b3875-3efa-43f3-b591-4e84963c0e65}" func_name="crc_helper" pi_name="calculate_crc"/></Connection><Connection id="{b5595bcf-633d-4ee2-a2fe-b03a84b34264}" name="TcTmMMI_tc____egse_tc" required_system_element="NO"><Source iface_id="{cc8f7a16-c1f0-4351-af9a-d131d3ff8742}" func_name="TcTmMMI" ri_name="tc"/><Target iface_id="{e5d7e1de-adc6-4b5c-a8db-e7ca902fff02}" func_name="egse" pi_name="tc"/></Connection><Connection id="{d59aa0b6-2055-483b-adcf-271e0254e6d9}" name="egse_tm____TcTmMMI_tm" required_system_element="NO"><Source iface_id="{ba7ae8d4-6336-4d36-92cc-14a8012c92e0}" func_name="egse" ri_name="tm"/><Target iface_id="{cbd40a63-3873-445f-8afd-0cbc080cd3ce}" func_name="TcTmMMI" pi_name="tm"/></Connection><Connection id="{e14365e3-8dab-48f2-a0b2-31510e8c1f8c}" name="egse_encode_tc____egse_encoder_encode_tc" required_system_element="NO"><Source iface_id="{86342520-2ae2-4c0b-b852-df57dd5f649e}" func_name="egse" ri_name="encode_tc"/><Target iface_id="{8f259268-4654-4fcf-8ecd-b45ab5ffb1f6}" func_name="egse_encoder" pi_name="encode_tc"/></Connection><Connection id="{1dfc4319-5'... 419 more characters
      code: 'ERR_ASSERTION'
      name: 'AssertionError'
      expected: '<InterfaceView version="1.3" asn1file="/home/taste/tool-inst/share/taste-types/taste-types.asn" UiFile="interfaceview.ui.xml" modifierHash="73f9764"><Function id="{d96c3f33-d7e5-42b4-a961-e61bbaaccf9d}" name="egse" is_type="NO" language="SDL" default_implementation="default" fixed_system_element="NO" required_system_element="NO" instances_min="1" instances_max="1" startup_priority="1"><Property name="TASTE_IV_Properties::Default_Codegen" value="Ada"/><Function id="{99dd0b90-a0ec-48c3-b2f1-f59d6c12b274}" name="TcTmMMI" is_type="NO" language="GUI" default_implementation="default" fixed_system_element="NO" required_system_element="NO" instances_min="1" instances_max="1" startup_priority="1"><Property name="TASTE_IV_Properties::Default_Codegen" value="Ada"/><Provided_Interface id="{cbd40a63-3873-445f-8afd-0cbc080cd3ce}" name="tm" kind="Sporadic" enable_multicast="true" layer="default" required_system_element="NO" is_simulink_interface="false" priority="1" miat="0" wcet="0" queue_size="4" stack_size="1024"><Input_Parameter name="tm" type="ALPHA-TELEMETRY" encoding="NATIVE"/></Provided_Interface><Required_Interface id="{cc8f7a16-c1f0-4351-af9a-d131d3ff8742}" name="tc" kind="Sporadic" enable_multicast="true" layer="default" required_system_element="NO" is_simulink_interface="false" priority="1" miat="0" wcet="0" queue_size="4" stack_size="1024"><Input_Parameter name="payload" type="ALPHA-TELECOMMAND" encoding="NATIVE"/><Property name="Taste::InheritPI" value="true"/><Property name="Taste::Autonamed" value="true"/></Required_Interface><Implementations><Implementation name="default" language="GUI"/></Implementations></Function><Function id="{6784098b-f1de-40cf-9d45-c5a7c935b591}" name="crc_helper" is_type="NO" language="Blackbox_C" default_implementation="default" fixed_system_element="NO" required_system_element="NO" instances_min="1" instances_max="1" startup_priority="1"><Property name="TASTE_IV_Properties::Default_Codegen" value="Ada"/><Provided_Interface id="{b3044ab0-0416-4cec-850b-03bcc34f0343}" name="check_crc" kind="Unprotected" enable_multicast="true" layer="default" required_system_element="NO" is_simulink_interface="false" is_alarm="false" wcet="0" is_observable="false"><Input_Parameter name="telemetry" type="ROOT-SPACE-PACKET-TELEMETRY" encoding="ACN"/><Output_Parameter name="result" type="ROOT-BOOLEAN" encoding="NATIVE"/></Provided_Interface><Provided_Interface id="{4f6b3875-3efa-43f3-b591-4e84963c0e65}" name="calculate_crc" kind="Unprotected" enable_multicast="true" layer="default" required_system_element="NO" is_simulink_interface="false" is_alarm="false" wcet="0" is_observable="false"><Input_Parameter name="telecommand" type="ROOT-SPACE-PACKET-TELECOMMAND" encoding="ACN"/><Output_Parameter name="crc" type="ROOT-UINT16" encoding="NATIVE"/></Provided_Interface><Implementations><Implementation name="default" language="Blackbox_C"/></Implementations></Function><Function id="{409f7d6e-5706-4dfa-b9ef-d9dc119637ff}" name="egse_encoder" is_type="NO" language="Blackbox_C" default_implementation="default" fixed_system_element="NO" required_system_element="NO" instances_min="1" instances_max="1" startup_priority="1"><Property name="TASTE_IV_Properties::Default_Codegen" value="Ada"/><Provided_Interface id="{8f259268-4654-4fcf-8ecd-b45ab5ffb1f6}" name="encode_tc" kind="Unprotected" enable_multicast="true" layer="default" required_system_element="NO" is_simulink_interface="false" is_alarm="false" wcet="0" is_observable="false"><Output_Parameter name="space_packet_data" type="ROOT-SPACE-PACKET-DATA-FIELD" encoding="NATIVE"/><Input_Parameter name="telecommand" type="ALPHA-TELECOMMAND" encoding="ACN"/></Provided_Interface><Provided_Interface id="{c7356f58-d4ff-4cdc-acde-46e37b18e872}" name="decode_tm" kind="Unprotected" enable_multicast="true" layer="default" required_system_element="NO" is_simulink_interface="false" is_alarm="false" wcet="0" is_observable="false"><Input_Parameter name="space_packet_data" type="ROOT-SPACE-PACKET-DATA-FIELD" encoding="NATIVE"/><Output_Parameter name="telemetry" type="ALPHA-TELEMETRY" encoding="ACN"/></Provided_Interface><Implementations><Implementation name="default" language="Blackbox_C"/></Implementations></Function><Function id="{ea1515ad-37fa-4b04-824c-468925491514}" name="egse" is_type="NO" language="C" default_implementation="default" fixed_system_element="NO" required_system_element="NO" instances_min="1" instances_max="1" startup_priority="1"><Property name="TASTE_IV_Properties::Default_Codegen" value="Ada"/><Provided_Interface id="{f293f78f-2839-4804-9b14-dc42b001e739}" name="tm_packet" kind="Sporadic" enable_multicast="true" layer="default" required_system_element="NO" is_simulink_interface="false" priority="1" miat="0" wcet="0" queue_size="4" stack_size="1024"><Input_Parameter name="packet" type="ROOT-SPACE-PACKET-TELEMETRY" encoding="ACN"/></Provided_Interface><Provided_Interface id="{e5d7e1de-adc6-4b5c-a8db-e7ca902fff02}" name="tc" kind="Sporadic" enable_multicast="true" layer="default" required_system_element="NO" is_simulink_interface="false" priority="1" miat="0" wcet="0" queue_size="4" stack_size="1024"><Input_Parameter name="payload" type="ALPHA-TELECOMMAND" encoding="NATIVE"/></Provided_Interface><Required_Interface id="{7fbd7765-58a0-4ce3-8349-b4aacc70e625}" name="tc_packet" kind="Sporadic" group_name="link" enable_multicast="true" layer="default" required_system_element="NO" is_simulink_interface="false" priority="1" miat="0" wcet="0" queue_size="4" stack_size="1024"><Input_Parameter name="p1" type="ROOT-SPACE-PACKET-TELECOMMAND" encoding="ACN"/><Property name="Taste::InheritPI" value="true"/><Property name="Taste::Autonamed" value="false"/></Required_Interface><Required_Interface id="{ba7ae8d4-6336-4d36-92cc-14a8012c92e0}" name="tm" kind="Sporadic" enable_multicast="true" layer="default" required_system_element="NO" is_simulink_interface="false" priority="1" miat="0" wcet="0" queue_size="4" stack_size="1024"><Input_Parameter name="tm" type="ALPHA-TELEMETRY" encoding="NATIVE"/><Property name="Taste::InheritPI" value="true"/><Property name="Taste::Autonamed" value="true"/></Required_Interface><Required_Interface id="{86342520-2ae2-4c0b-b852-df57dd5f649e}" name="encode_tc" kind="Unprotected" enable_multicast="true" layer="default" required_system_element="NO" is_simulink_interface="false" is_alarm="false" wcet="0" is_observable="false"><Output_Parameter name="space_packet_data" type="ROOT-SPACE-PACKET-DATA-FIELD" encoding="NATIVE"/><Input_Parameter name="telecommand" type="ALPHA-TELECOMMAND" encoding="ACN"/><Property name="Taste::InheritPI" value="true"/><Property name="Taste::Autonamed" value="true"/></Required_Interface><Required_Interface id="{c3fc1023-2f95-4269-a27f-eb23969dfeb3}" name="decode_tm" kind="Unprotected" enable_multicast="true" layer="default" required_system_element="NO" is_simulink_interface="false" is_alarm="false" wcet="0" is_observable="false"><Input_Parameter name="space_packet_data" type="ROOT-SPACE-PACKET-DATA-FIELD" encoding="NATIVE"/><Output_Parameter name="telemetry" type="ALPHA-TELEMETRY" encoding="ACN"/><Property name="Taste::InheritPI" value="true"/><Property name="Taste::Autonamed" value="true"/></Required_Interface><Required_Interface id="{36a7a465-5d07-46ba-9d92-74916d6b1e5d}" name="check_crc" kind="Unprotected" enable_multicast="true" layer="default" required_system_element="NO" is_simulink_interface="false" is_alarm="false" wcet="0" is_observable="false"><Input_Parameter name="telemetry" type="ROOT-SPACE-PACKET-TELEMETRY" encoding="ACN"/><Output_Parameter name="result" type="ROOT-BOOLEAN" encoding="NATIVE"/><Property name="Taste::InheritPI" value="true"/><Property name="Taste::Autonamed" value="true"/></Required_Interface><Required_Interface id="{04202d36-d9c3-428a-9a58-9cdbae8c0594}" name="calculate_crc" kind="Unprotected" enable_multicast="true" layer="default" required_system_element="NO" is_simulink_interface="false" is_alarm="false" wcet="0" is_observable="false"><Input_Parameter name="telecommand" type="ROOT-SPACE-PACKET-TELECOMMAND" encoding="ACN"/><Output_Parameter name="crc" type="ROOT-UINT16" encoding="NATIVE"/><Property name="Taste::InheritPI" value="true"/><Property name="Taste::Autonamed" value="true"/></Required_Interface><Implementations><Implementation name="default" language="C"/></Implementations></Function><Connection id="{36f4acc1-a5d6-4723-932e-9a3629994906}" name="egse_decode_tm____egse_encoder_decode_tm" required_system_element="NO"><Source iface_id="{c3fc1023-2f95-4269-a27f-eb23969dfeb3}" func_name="egse" ri_name="decode_tm"/><Target iface_id="{c7356f58-d4ff-4cdc-acde-46e37b18e872}" func_name="egse_encoder" pi_name="decode_tm"/></Connection><Connection id="{684f61df-9ba8-420b-bdb5-eed87af2449e}" required_system_element="NO"><Source iface_id="{04202d36-d9c3-428a-9a58-9cdbae8c0594}" func_name="egse" ri_name="calculate_crc"/><Target iface_id="{4f6b3875-3efa-43f3-b591-4e84963c0e65}" func_name="crc_helper" pi_name="calculate_crc"/></Connection><Connection id="{b5595bcf-633d-4ee2-a2fe-b03a84b34264}" name="TcTmMMI_tc____egse_tc" required_system_element="NO"><Source iface_id="{cc8f7a16-c1f0-4351-af9a-d131d3ff8742}" func_name="TcTmMMI" ri_name="tc"/><Target iface_id="{e5d7e1de-adc6-4b5c-a8db-e7ca902fff02}" func_name="egse" pi_name="tc"/></Connection><Connection id="{d59aa0b6-2055-483b-adcf-271e0254e6d9}" name="egse_tm____TcTmMMI_tm" required_system_element="NO"><Source iface_id="{ba7ae8d4-6336-4d36-92cc-14a8012c92e0}" func_name="egse" ri_name="tm"/><Target iface_id="{cbd40a63-3873-445f-8afd-0cbc080cd3ce}" func_name="TcTmMMI" pi_name="tm"/></Connection><Connection id="{e14365e3-8dab-48f2-a0b2-31510e8c1f8c}" name="egse_encode_tc____egse_encoder_encode_tc" required_system_element="NO"><Source iface_id="{86342520-2ae2-4c0b-b852-df57dd5f649e}" func_name="egse" ri_name="encode_tc"/><Target iface_id="{8f259268-4654-4fcf-8ecd-b45ab5ffb1f6}" func_name="egse_encoder" pi_name="encode_tc"/></Connection><Connection id="{1dfc4319-5'... 419 more characters
      actual: '<InterfaceView version="1.3" asn1file="/home/taste/tool-inst/share/taste-types/taste-types.asn" UiFile="interfaceview.ui.xml" modifierHash="73f9764"><Function id="{d96c3f33-d7e5-42b4-a961-e61bbaaccf9d}" name="egse" language="SDL" is_type="NO" fixed_system_element="NO" required_system_element="NO" default_implementation="default" instances_min="1" instances_max="1" startup_priority="1"><Function id="{99dd0b90-a0ec-48c3-b2f1-f59d6c12b274}" name="TcTmMMI" language="GUI" is_type="NO" fixed_system_element="NO" required_system_element="NO" default_implementation="default" instances_min="1" instances_max="1" startup_priority="1"><Provided_Interface id="{cbd40a63-3873-445f-8afd-0cbc080cd3ce}" name="tm" kind="Sporadic" enable_multicast="true" layer="default" required_system_element="NO" is_simulink_interface="false" priority="1" miat="0" wcet="0" queue_size="4" stack_size="1024"><Input_Parameter name="tm" type="ALPHA-TELEMETRY" encoding="NATIVE"/></Provided_Interface><Required_Interface id="{cc8f7a16-c1f0-4351-af9a-d131d3ff8742}" name="tc" kind="Sporadic" enable_multicast="true" layer="default" required_system_element="NO" is_simulink_interface="false" priority="1" miat="0" wcet="0" queue_size="4" stack_size="1024"><Input_Parameter name="payload" type="ALPHA-TELECOMMAND" encoding="NATIVE"/><Property name="Taste::InheritPI" value="true"/><Property name="Taste::Autonamed" value="true"/></Required_Interface><Implementations><Implementation name="default" language="GUI"/></Implementations><Property name="TASTE_IV_Properties::Default_Codegen" value="Ada"/></Function><Function id="{6784098b-f1de-40cf-9d45-c5a7c935b591}" name="crc_helper" language="Blackbox_C" is_type="NO" fixed_system_element="NO" required_system_element="NO" default_implementation="default" instances_min="1" instances_max="1" startup_priority="1"><Provided_Interface id="{b3044ab0-0416-4cec-850b-03bcc34f0343}" name="check_crc" kind="Unprotected" enable_multicast="true" layer="default" required_system_element="NO" is_simulink_interface="false" is_alarm="false" wcet="0" is_observable="false"><Input_Parameter name="telemetry" type="ROOT-SPACE-PACKET-TELEMETRY" encoding="ACN"/><Output_Parameter name="result" type="ROOT-BOOLEAN" encoding="NATIVE"/></Provided_Interface><Provided_Interface id="{4f6b3875-3efa-43f3-b591-4e84963c0e65}" name="calculate_crc" kind="Unprotected" enable_multicast="true" layer="default" required_system_element="NO" is_simulink_interface="false" is_alarm="false" wcet="0" is_observable="false"><Input_Parameter name="telecommand" type="ROOT-SPACE-PACKET-TELECOMMAND" encoding="ACN"/><Output_Parameter name="crc" type="ROOT-UINT16" encoding="NATIVE"/></Provided_Interface><Implementations><Implementation name="default" language="Blackbox_C"/></Implementations><Property name="TASTE_IV_Properties::Default_Codegen" value="Ada"/></Function><Function id="{409f7d6e-5706-4dfa-b9ef-d9dc119637ff}" name="egse_encoder" language="Blackbox_C" is_type="NO" fixed_system_element="NO" required_system_element="NO" default_implementation="default" instances_min="1" instances_max="1" startup_priority="1"><Provided_Interface id="{8f259268-4654-4fcf-8ecd-b45ab5ffb1f6}" name="encode_tc" kind="Unprotected" enable_multicast="true" layer="default" required_system_element="NO" is_simulink_interface="false" is_alarm="false" wcet="0" is_observable="false"><Input_Parameter name="telecommand" type="ALPHA-TELECOMMAND" encoding="ACN"/><Output_Parameter name="space_packet_data" type="ROOT-SPACE-PACKET-DATA-FIELD" encoding="NATIVE"/></Provided_Interface><Provided_Interface id="{c7356f58-d4ff-4cdc-acde-46e37b18e872}" name="decode_tm" kind="Unprotected" enable_multicast="true" layer="default" required_system_element="NO" is_simulink_interface="false" is_alarm="false" wcet="0" is_observable="false"><Input_Parameter name="space_packet_data" type="ROOT-SPACE-PACKET-DATA-FIELD" encoding="NATIVE"/><Output_Parameter name="telemetry" type="ALPHA-TELEMETRY" encoding="ACN"/></Provided_Interface><Implementations><Implementation name="default" language="Blackbox_C"/></Implementations><Property name="TASTE_IV_Properties::Default_Codegen" value="Ada"/></Function><Function id="{ea1515ad-37fa-4b04-824c-468925491514}" name="egse" language="C" is_type="NO" fixed_system_element="NO" required_system_element="NO" default_implementation="default" instances_min="1" instances_max="1" startup_priority="1"><Provided_Interface id="{f293f78f-2839-4804-9b14-dc42b001e739}" name="tm_packet" kind="Sporadic" enable_multicast="true" layer="default" required_system_element="NO" is_simulink_interface="false" priority="1" miat="0" wcet="0" queue_size="4" stack_size="1024"><Input_Parameter name="packet" type="ROOT-SPACE-PACKET-TELEMETRY" encoding="ACN"/></Provided_Interface><Provided_Interface id="{e5d7e1de-adc6-4b5c-a8db-e7ca902fff02}" name="tc" kind="Sporadic" enable_multicast="true" layer="default" required_system_element="NO" is_simulink_interface="false" priority="1" miat="0" wcet="0" queue_size="4" stack_size="1024"><Input_Parameter name="payload" type="ALPHA-TELECOMMAND" encoding="NATIVE"/></Provided_Interface><Required_Interface id="{7fbd7765-58a0-4ce3-8349-b4aacc70e625}" name="tc_packet" kind="Sporadic" group_name="link" enable_multicast="true" layer="default" required_system_element="NO" is_simulink_interface="false" priority="1" miat="0" wcet="0" queue_size="4" stack_size="1024"><Input_Parameter name="p1" type="ROOT-SPACE-PACKET-TELECOMMAND" encoding="ACN"/><Property name="Taste::InheritPI" value="true"/></Required_Interface><Required_Interface id="{ba7ae8d4-6336-4d36-92cc-14a8012c92e0}" name="tm" kind="Sporadic" enable_multicast="true" layer="default" required_system_element="NO" is_simulink_interface="false" priority="1" miat="0" wcet="0" queue_size="4" stack_size="1024"><Input_Parameter name="tm" type="ALPHA-TELEMETRY" encoding="NATIVE"/><Property name="Taste::InheritPI" value="true"/><Property name="Taste::Autonamed" value="true"/></Required_Interface><Required_Interface id="{86342520-2ae2-4c0b-b852-df57dd5f649e}" name="encode_tc" kind="Unprotected" enable_multicast="true" layer="default" required_system_element="NO" is_simulink_interface="false" is_alarm="false" wcet="0" is_observable="false"><Input_Parameter name="telecommand" type="ALPHA-TELECOMMAND" encoding="ACN"/><Output_Parameter name="space_packet_data" type="ROOT-SPACE-PACKET-DATA-FIELD" encoding="NATIVE"/><Property name="Taste::InheritPI" value="true"/><Property name="Taste::Autonamed" value="true"/></Required_Interface><Required_Interface id="{c3fc1023-2f95-4269-a27f-eb23969dfeb3}" name="decode_tm" kind="Unprotected" enable_multicast="true" layer="default" required_system_element="NO" is_simulink_interface="false" is_alarm="false" wcet="0" is_observable="false"><Input_Parameter name="space_packet_data" type="ROOT-SPACE-PACKET-DATA-FIELD" encoding="NATIVE"/><Output_Parameter name="telemetry" type="ALPHA-TELEMETRY" encoding="ACN"/><Property name="Taste::InheritPI" value="true"/><Property name="Taste::Autonamed" value="true"/></Required_Interface><Required_Interface id="{36a7a465-5d07-46ba-9d92-74916d6b1e5d}" name="check_crc" kind="Unprotected" enable_multicast="true" layer="default" required_system_element="NO" is_simulink_interface="false" is_alarm="false" wcet="0" is_observable="false"><Input_Parameter name="telemetry" type="ROOT-SPACE-PACKET-TELEMETRY" encoding="ACN"/><Output_Parameter name="result" type="ROOT-BOOLEAN" encoding="NATIVE"/><Property name="Taste::InheritPI" value="true"/><Property name="Taste::Autonamed" value="true"/></Required_Interface><Required_Interface id="{04202d36-d9c3-428a-9a58-9cdbae8c0594}" name="calculate_crc" kind="Unprotected" enable_multicast="true" layer="default" required_system_element="NO" is_simulink_interface="false" is_alarm="false" wcet="0" is_observable="false"><Input_Parameter name="telecommand" type="ROOT-SPACE-PACKET-TELECOMMAND" encoding="ACN"/><Output_Parameter name="crc" type="ROOT-UINT16" encoding="NATIVE"/><Property name="Taste::InheritPI" value="true"/><Property name="Taste::Autonamed" value="true"/></Required_Interface><Implementations><Implementation name="default" language="C"/></Implementations><Property name="TASTE_IV_Properties::Default_Codegen" value="Ada"/></Function><Connection id="{36f4acc1-a5d6-4723-932e-9a3629994906}" name="egse_decode_tm____egse_encoder_decode_tm" required_system_element="NO"><Source iface_id="{c3fc1023-2f95-4269-a27f-eb23969dfeb3}" func_name="egse" ri_name="decode_tm"/><Target iface_id="{c7356f58-d4ff-4cdc-acde-46e37b18e872}" func_name="egse_encoder" pi_name="decode_tm"/></Connection><Connection id="{684f61df-9ba8-420b-bdb5-eed87af2449e}" name="calculate_crc" required_system_element="NO"><Source iface_id="{04202d36-d9c3-428a-9a58-9cdbae8c0594}" func_name="egse" ri_name="calculate_crc"/><Target iface_id="{4f6b3875-3efa-43f3-b591-4e84963c0e65}" func_name="crc_helper" pi_name="calculate_crc"/></Connection><Connection id="{b5595bcf-633d-4ee2-a2fe-b03a84b34264}" name="TcTmMMI_tc____egse_tc" required_system_element="NO"><Source iface_id="{cc8f7a16-c1f0-4351-af9a-d131d3ff8742}" func_name="TcTmMMI" ri_name="tc"/><Target iface_id="{e5d7e1de-adc6-4b5c-a8db-e7ca902fff02}" func_name="egse" pi_name="tc"/></Connection><Connection id="{d59aa0b6-2055-483b-adcf-271e0254e6d9}" name="egse_tm____TcTmMMI_tm" required_system_element="NO"><Source iface_id="{ba7ae8d4-6336-4d36-92cc-14a8012c92e0}" func_name="egse" ri_name="tm"/><Target iface_id="{cbd40a63-3873-445f-8afd-0cbc080cd3ce}" func_name="TcTmMMI" pi_name="tm"/></Connection><Connection id="{e14365e3-8dab-48f2-a0b2-31510e8c1f8c}" name="egse_encode_tc____egse_encoder_encode_tc" required_system_element="NO"><Source iface_id="{86342520-2ae2-4c0b-b852-df57dd5f649e}" func_name="egse" ri_name="encode_tc"/><Target iface_id="{8f259268-4654-4fcf-8ecd-b45ab5ffb1f6}" func_name="egse_encoder" pi_name="encode_tc"/></Connection><Connection id="{1dfc4319-55df-4310-8620-8c63094831c5}" name="check_crc" required_system_element="NO"><Source iface_id="{3'... 408 more characters
      operator: 'strictEqual'
      stack: |-
        TestContext.<anonymous> (/home/lurker/Workspaces/vscive/.test-out/test/interfaceview.test.js:40:30)
        async Test.run (node:internal/test_runner/test:632:9)
        async TestContext.<anonymous> (/home/lurker/Workspaces/vscive/.test-out/test/interfaceview.test.js:37:9)
        async Test.run (node:internal/test_runner/test:632:9)
        async Test.processPendingSubtests (node:internal/test_runner/test:374:7)
      ...
    # Subtest: references/opus2/data/decoder/space-packet-decoder/interfaceview.xml
    not ok 2 - references/opus2/data/decoder/space-packet-decoder/interfaceview.xml
      ---
      duration_ms: 2.997344
      location: '/home/lurker/Workspaces/vscive/.test-out/test/interfaceview.test.js:37:23'
      failureType: 'testCodeFailure'
      error: |-
        Expected values to be strictly equal:
        + actual - expected
        
        + '<InterfaceView version="1.2" asn1file="space-packet-decoder.acn" UiFile="interfaceview.ui.xml" modifierHash="b87cedc"><Function id="{2adf7657-dfe2-446d-8587-7ad162ae2be4}" name="service_router" language="SDL" is_type="NO" fixed_system_element="NO" required_system_element="NO" default_implementation="default" instances_min="1" startup_priority="1" instances_max="1"><Provided_Interface id="{25e5b446-e8f4-444f-8bca-1f4061c926d0}" name="telecommand" kind="Protected" enable_multicast="true" layer="default" required_system_element="NO" is_simulink_interface="false" wcet="0"><Input_Parameter name="space_packet" type="ROOT-SPACE-PACKET-TELECOMMAND" encoding="NATIVE"/></Provided_Interface><Required_Interface id="{cd8e8461-9496-463e-b135-109833aedfa2}" name="decode_space_packet" kind="Unprotected" enable_multicast="true" layer="default" required_system_element="NO" is_simulink_interface="false" is_alarm="false" is_observable="false" wcet="0"><Input_Parameter name="space_packet_data" type="ROOT-SPACE-PACKET-DATA-FIELD" encoding="NATIVE"/><Output_Parameter name="tc" type="ALPHA-TELECOMMAND" encoding="ACN"/><Property name="Taste::InheritPI" value="true"/><Property name="Taste::Autonamed" value="true"/></Required_Interface><Implementations><Implementation name="default" language="SDL"/></Implementations><Property name="TASTE_IV_Properties::Default_Codegen" value="Ada"/></Function><Function id="{a3dac806-d2be-4cbd-b427-e4c2c6c12e51}" name="apid_router" language="SDL" is_type="NO" fixed_system_element="NO" required_system_element="NO" default_implementation="default" instances_min="1" startup_priority="1" instances_max="1"><Provided_Interface id="{a7d59d3c-eb85-4e53-a01b-5e3c70fd0fca}" name="pulse" kind="Cyclic" enable_multicast="true" layer="default" required_system_element="NO" is_simulink_interface="false" stack_size="1024" priority="1" wcet="0"/><Required_Interface id="{673548dd-0a2e-4453-b757-f07bb9836757}" name="telecommand" kind="Protected" enable_multicast="true" layer="default" required_system_element="NO" is_simulink_interface="false" wcet="0"><Input_Parameter name="space_packet" type="ROOT-SPACE-PACKET-TELECOMMAND" encoding="NATIVE"/><Property name="Taste::InheritPI" value="true"/><Property name="Taste::Autonamed" value="true"/></Required_Interface><Implementations><Implementation name="default" language="SDL"/></Implementations><Property name="TASTE_IV_Properties::Default_Codegen" value="Ada"/></Function><Function id="{55aee58f-54ac-4253-a536-5b527f9ec333}" name="service_decoder" language="Blackbox_C" is_type="NO" fixed_system_element="NO" required_system_element="NO" default_implementation="default" instances_min="1" startup_priority="1" instances_max="1"><Provided_Interface id="{edfef804-80b0-4b68-b159-bfdcf4dc11b3}" name="decode_space_packet" kind="Unprotected" enable_multicast="true" layer="default" required_system_element="NO" is_simulink_interface="false" is_alarm="false" is_observable="false" wcet="0"><Input_Parameter name="space_packet_data" type="ROOT-SPACE-PACKET-DATA-FIELD" encoding="NATIVE"/><Output_Parameter name="tc" type="ALPHA-TELECOMMAND" encoding="ACN"/></Provided_Interface><Implementations><Implementation name="default" language="Blackbox_C"/></Implementations><Property name="TASTE_IV_Properties::Default_Codegen" value="Ada"/></Function><Connection id="{d6aac026-7f2c-4324-830c-e0283f9d8a97}" name="service_router_decode_space_packet____service_decoder_decode_space_packet" required_system_element="NO"><Source iface_id="{cd8e8461-9496-463e-b135-109833aedfa2}" func_name="service_router" ri_name="decode_space_packet"/><Target iface_id="{edfef804-80b0-4b68-b159-bfdcf4dc11b3}" func_name="service_decoder" pi_name="decode_space_packet"/></Connection><Connection id="{f49a7a2b-0a96-4b8b-9560-8e1feab5ff48}" name="apid_router_telecommand____service_router_telecommand" required_system_element="NO"><Source iface_id="{673548dd-0a2e-4453-b757-f07bb9836757}" func_name="apid_router" ri_name="telecommand"/><Target iface_id="{25e5b446-e8f4-444f-8bca-1f4061c926d0}" func_name="service_router" pi_name="telecommand"/></Connection><Layer name="default" is_visible="true"/></InterfaceView>'
        - '<InterfaceView version="1.2" asn1file="space-packet-decoder.acn" UiFile="interfaceview.ui.xml" modifierHash="b87cedc"><Function id="{2adf7657-dfe2-446d-8587-7ad162ae2be4}" name="service_router" is_type="NO" language="SDL" default_implementation="default" fixed_system_element="NO" required_system_element="NO" instances_min="1" startup_priority="1" instances_max="1"><Property name="TASTE_IV_Properties::Default_Codegen" value="Ada"/><Provided_Interface id="{25e5b446-e8f4-444f-8bca-1f4061c926d0}" name="telecommand" kind="Protected" enable_multicast="true" layer="default" required_system_element="NO" is_simulink_interface="false" wcet="0"><Input_Parameter name="space_packet" type="ROOT-SPACE-PACKET-TELECOMMAND" encoding="NATIVE"/></Provided_Interface><Required_Interface id="{cd8e8461-9496-463e-b135-109833aedfa2}" name="decode_space_packet" kind="Unprotected" enable_multicast="true" layer="default" required_system_element="NO" is_simulink_interface="false" is_alarm="false" is_observable="false" wcet="0"><Input_Parameter name="space_packet_data" type="ROOT-SPACE-PACKET-DATA-FIELD" encoding="NATIVE"/><Output_Parameter name="tc" type="ALPHA-TELECOMMAND" encoding="ACN"/><Property name="Taste::InheritPI" value="true"/><Property name="Taste::Autonamed" value="true"/></Required_Interface><Implementations><Implementation name="default" language="SDL"/></Implementations></Function><Function id="{a3dac806-d2be-4cbd-b427-e4c2c6c12e51}" name="apid_router" is_type="NO" language="SDL" default_implementation="default" fixed_system_element="NO" required_system_element="NO" instances_min="1" startup_priority="1" instances_max="1"><Property name="TASTE_IV_Properties::Default_Codegen" value="Ada"/><Provided_Interface id="{a7d59d3c-eb85-4e53-a01b-5e3c70fd0fca}" name="pulse" kind="Cyclic" enable_multicast="true" layer="default" required_system_element="NO" is_simulink_interface="false" stack_size="1024" priority="1" wcet="0"/><Required_Interface id="{673548dd-0a2e-4453-b757-f07bb9836757}" name="telecommand" kind="Protected" enable_multicast="true" layer="default" required_system_element="NO" is_simulink_interface="false" wcet="0"><Input_Parameter name="space_packet" type="ROOT-SPACE-PACKET-TELECOMMAND" encoding="NATIVE"/><Property name="Taste::InheritPI" value="true"/><Property name="Taste::Autonamed" value="true"/></Required_Interface><Implementations><Implementation name="default" language="SDL"/></Implementations></Function><Function id="{55aee58f-54ac-4253-a536-5b527f9ec333}" name="service_decoder" is_type="NO" language="Blackbox_C" default_implementation="default" fixed_system_element="NO" required_system_element="NO" instances_min="1" startup_priority="1" instances_max="1"><Property name="TASTE_IV_Properties::Default_Codegen" value="Ada"/><Provided_Interface id="{edfef804-80b0-4b68-b159-bfdcf4dc11b3}" name="decode_space_packet" kind="Unprotected" enable_multicast="true" layer="default" required_system_element="NO" is_simulink_interface="false" is_alarm="false" is_observable="false" wcet="0"><Input_Parameter name="space_packet_data" type="ROOT-SPACE-PACKET-DATA-FIELD" encoding="NATIVE"/><Output_Parameter name="tc" type="ALPHA-TELECOMMAND" encoding="ACN"/></Provided_Interface><Implementations><Implementation name="default" language="Blackbox_C"/></Implementations></Function><Connection id="{d6aac026-7f2c-4324-830c-e0283f9d8a97}" name="service_router_decode_space_packet____service_decoder_decode_space_packet" required_system_element="NO"><Source func_name="service_router" ri_name="decode_space_packet"/><Target func_name="service_decoder" pi_name="decode_space_packet"/></Connection><Connection id="{f49a7a2b-0a96-4b8b-9560-8e1feab5ff48}" name="apid_router_telecommand____service_router_telecommand" required_system_element="NO"><Source func_name="apid_router" ri_name="telecommand"/><Target func_name="service_router" pi_name="telecommand"/></Connection><Layer name="default" is_visible="true"/></InterfaceView>'
      code: 'ERR_ASSERTION'
      name: 'AssertionError'
      expected: '<InterfaceView version="1.2" asn1file="space-packet-decoder.acn" UiFile="interfaceview.ui.xml" modifierHash="b87cedc"><Function id="{2adf7657-dfe2-446d-8587-7ad162ae2be4}" name="service_router" is_type="NO" language="SDL" default_implementation="default" fixed_system_element="NO" required_system_element="NO" instances_min="1" startup_priority="1" instances_max="1"><Property name="TASTE_IV_Properties::Default_Codegen" value="Ada"/><Provided_Interface id="{25e5b446-e8f4-444f-8bca-1f4061c926d0}" name="telecommand" kind="Protected" enable_multicast="true" layer="default" required_system_element="NO" is_simulink_interface="false" wcet="0"><Input_Parameter name="space_packet" type="ROOT-SPACE-PACKET-TELECOMMAND" encoding="NATIVE"/></Provided_Interface><Required_Interface id="{cd8e8461-9496-463e-b135-109833aedfa2}" name="decode_space_packet" kind="Unprotected" enable_multicast="true" layer="default" required_system_element="NO" is_simulink_interface="false" is_alarm="false" is_observable="false" wcet="0"><Input_Parameter name="space_packet_data" type="ROOT-SPACE-PACKET-DATA-FIELD" encoding="NATIVE"/><Output_Parameter name="tc" type="ALPHA-TELECOMMAND" encoding="ACN"/><Property name="Taste::InheritPI" value="true"/><Property name="Taste::Autonamed" value="true"/></Required_Interface><Implementations><Implementation name="default" language="SDL"/></Implementations></Function><Function id="{a3dac806-d2be-4cbd-b427-e4c2c6c12e51}" name="apid_router" is_type="NO" language="SDL" default_implementation="default" fixed_system_element="NO" required_system_element="NO" instances_min="1" startup_priority="1" instances_max="1"><Property name="TASTE_IV_Properties::Default_Codegen" value="Ada"/><Provided_Interface id="{a7d59d3c-eb85-4e53-a01b-5e3c70fd0fca}" name="pulse" kind="Cyclic" enable_multicast="true" layer="default" required_system_element="NO" is_simulink_interface="false" stack_size="1024" priority="1" wcet="0"/><Required_Interface id="{673548dd-0a2e-4453-b757-f07bb9836757}" name="telecommand" kind="Protected" enable_multicast="true" layer="default" required_system_element="NO" is_simulink_interface="false" wcet="0"><Input_Parameter name="space_packet" type="ROOT-SPACE-PACKET-TELECOMMAND" encoding="NATIVE"/><Property name="Taste::InheritPI" value="true"/><Property name="Taste::Autonamed" value="true"/></Required_Interface><Implementations><Implementation name="default" language="SDL"/></Implementations></Function><Function id="{55aee58f-54ac-4253-a536-5b527f9ec333}" name="service_decoder" is_type="NO" language="Blackbox_C" default_implementation="default" fixed_system_element="NO" required_system_element="NO" instances_min="1" startup_priority="1" instances_max="1"><Property name="TASTE_IV_Properties::Default_Codegen" value="Ada"/><Provided_Interface id="{edfef804-80b0-4b68-b159-bfdcf4dc11b3}" name="decode_space_packet" kind="Unprotected" enable_multicast="true" layer="default" required_system_element="NO" is_simulink_interface="false" is_alarm="false" is_observable="false" wcet="0"><Input_Parameter name="space_packet_data" type="ROOT-SPACE-PACKET-DATA-FIELD" encoding="NATIVE"/><Output_Parameter name="tc" type="ALPHA-TELECOMMAND" encoding="ACN"/></Provided_Interface><Implementations><Implementation name="default" language="Blackbox_C"/></Implementations></Function><Connection id="{d6aac026-7f2c-4324-830c-e0283f9d8a97}" name="service_router_decode_space_packet____service_decoder_decode_space_packet" required_system_element="NO"><Source func_name="service_router" ri_name="decode_space_packet"/><Target func_name="service_decoder" pi_name="decode_space_packet"/></Connection><Connection id="{f49a7a2b-0a96-4b8b-9560-8e1feab5ff48}" name="apid_router_telecommand____service_router_telecommand" required_system_element="NO"><Source func_name="apid_router" ri_name="telecommand"/><Target func_name="service_router" pi_name="telecommand"/></Connection><Layer name="default" is_visible="true"/></InterfaceView>'
      actual: '<InterfaceView version="1.2" asn1file="space-packet-decoder.acn" UiFile="interfaceview.ui.xml" modifierHash="b87cedc"><Function id="{2adf7657-dfe2-446d-8587-7ad162ae2be4}" name="service_router" language="SDL" is_type="NO" fixed_system_element="NO" required_system_element="NO" default_implementation="default" instances_min="1" startup_priority="1" instances_max="1"><Provided_Interface id="{25e5b446-e8f4-444f-8bca-1f4061c926d0}" name="telecommand" kind="Protected" enable_multicast="true" layer="default" required_system_element="NO" is_simulink_interface="false" wcet="0"><Input_Parameter name="space_packet" type="ROOT-SPACE-PACKET-TELECOMMAND" encoding="NATIVE"/></Provided_Interface><Required_Interface id="{cd8e8461-9496-463e-b135-109833aedfa2}" name="decode_space_packet" kind="Unprotected" enable_multicast="true" layer="default" required_system_element="NO" is_simulink_interface="false" is_alarm="false" is_observable="false" wcet="0"><Input_Parameter name="space_packet_data" type="ROOT-SPACE-PACKET-DATA-FIELD" encoding="NATIVE"/><Output_Parameter name="tc" type="ALPHA-TELECOMMAND" encoding="ACN"/><Property name="Taste::InheritPI" value="true"/><Property name="Taste::Autonamed" value="true"/></Required_Interface><Implementations><Implementation name="default" language="SDL"/></Implementations><Property name="TASTE_IV_Properties::Default_Codegen" value="Ada"/></Function><Function id="{a3dac806-d2be-4cbd-b427-e4c2c6c12e51}" name="apid_router" language="SDL" is_type="NO" fixed_system_element="NO" required_system_element="NO" default_implementation="default" instances_min="1" startup_priority="1" instances_max="1"><Provided_Interface id="{a7d59d3c-eb85-4e53-a01b-5e3c70fd0fca}" name="pulse" kind="Cyclic" enable_multicast="true" layer="default" required_system_element="NO" is_simulink_interface="false" stack_size="1024" priority="1" wcet="0"/><Required_Interface id="{673548dd-0a2e-4453-b757-f07bb9836757}" name="telecommand" kind="Protected" enable_multicast="true" layer="default" required_system_element="NO" is_simulink_interface="false" wcet="0"><Input_Parameter name="space_packet" type="ROOT-SPACE-PACKET-TELECOMMAND" encoding="NATIVE"/><Property name="Taste::InheritPI" value="true"/><Property name="Taste::Autonamed" value="true"/></Required_Interface><Implementations><Implementation name="default" language="SDL"/></Implementations><Property name="TASTE_IV_Properties::Default_Codegen" value="Ada"/></Function><Function id="{55aee58f-54ac-4253-a536-5b527f9ec333}" name="service_decoder" language="Blackbox_C" is_type="NO" fixed_system_element="NO" required_system_element="NO" default_implementation="default" instances_min="1" startup_priority="1" instances_max="1"><Provided_Interface id="{edfef804-80b0-4b68-b159-bfdcf4dc11b3}" name="decode_space_packet" kind="Unprotected" enable_multicast="true" layer="default" required_system_element="NO" is_simulink_interface="false" is_alarm="false" is_observable="false" wcet="0"><Input_Parameter name="space_packet_data" type="ROOT-SPACE-PACKET-DATA-FIELD" encoding="NATIVE"/><Output_Parameter name="tc" type="ALPHA-TELECOMMAND" encoding="ACN"/></Provided_Interface><Implementations><Implementation name="default" language="Blackbox_C"/></Implementations><Property name="TASTE_IV_Properties::Default_Codegen" value="Ada"/></Function><Connection id="{d6aac026-7f2c-4324-830c-e0283f9d8a97}" name="service_router_decode_space_packet____service_decoder_decode_space_packet" required_system_element="NO"><Source iface_id="{cd8e8461-9496-463e-b135-109833aedfa2}" func_name="service_router" ri_name="decode_space_packet"/><Target iface_id="{edfef804-80b0-4b68-b159-bfdcf4dc11b3}" func_name="service_decoder" pi_name="decode_space_packet"/></Connection><Connection id="{f49a7a2b-0a96-4b8b-9560-8e1feab5ff48}" name="apid_router_telecommand____service_router_telecommand" required_system_element="NO"><Source iface_id="{673548dd-0a2e-4453-b757-f07bb9836757}" func_name="apid_router" ri_name="telecommand"/><Target iface_id="{25e5b446-e8f4-444f-8bca-1f4061c926d0}" func_name="service_router" pi_name="telecommand"/></Connection><Layer name="default" is_visible="true"/></InterfaceView>'
      operator: 'strictEqual'
      stack: |-
        TestContext.<anonymous> (/home/lurker/Workspaces/vscive/.test-out/test/interfaceview.test.js:40:30)
        async Test.run (node:internal/test_runner/test:632:9)
        async TestContext.<anonymous> (/home/lurker/Workspaces/vscive/.test-out/test/interfaceview.test.js:37:9)
        async Test.run (node:internal/test_runner/test:632:9)
        async Test.processPendingSubtests (node:internal/test_runner/test:374:7)
      ...
    # Subtest: references/TASTE-SAMV71-RTEMS-Tests/tests/samv71-rtems-interfaces/TEST-SAMV71-INTERFACES/interfaceview.xml
    not ok 3 - references/TASTE-SAMV71-RTEMS-Tests/tests/samv71-rtems-interfaces/TEST-SAMV71-INTERFACES/interfaceview.xml
      ---
      duration_ms: 8.507866
      location: '/home/lurker/Workspaces/vscive/.test-out/test/interfaceview.test.js:37:23'
      failureType: 'testCodeFailure'
      error: |-
        Expected values to be strictly equal:
        + actual - expected
        
        + '<InterfaceView version="1.3" asn1file="TEST-SAMV71-INTERFACES.acn" UiFile="interfaceview.ui.xml" modifierHash="8f9a913"><Function id="{c42e15d2-9b8c-4cd6-8d1f-1ae7a454c22a}" name="trigger" language="C" is_type="NO" fixed_system_element="NO" required_system_element="NO" default_implementation="default" startup_priority="1" instances_min="1" instances_max="1"><Provided_Interface id="{e266a5a7-61dc-4214-9e88-6bcb53d65bdf}" name="cyclic_if" kind="Cyclic" enable_multicast="true" layer="default" required_system_element="NO" is_simulink_interface="false" wcet="0" stack_size="1024" priority="1"/><Required_Interface id="{54ccc373-50b5-4d3d-986f-288415f2ba98}" name="sporadic_provided_if_no_param" kind="Sporadic" enable_multicast="true" layer="default" required_system_element="NO" is_simulink_interface="false" wcet="0" queue_size="1" miat="0" stack_size="1024" priority="1"><Property name="Taste::InheritPI" value="true"/><Property name="Taste::Autonamed" value="true"/></Required_Interface><Required_Interface id="{7353b3b1-df3f-459b-ab17-0681e9013bec}" name="sporadic_provided_if_with_param" kind="Sporadic" enable_multicast="true" layer="default" required_system_element="NO" is_simulink_interface="false" wcet="0" queue_size="1" miat="0" stack_size="1024" priority="1"><Input_Parameter name="p1" type="MySeq" encoding="NATIVE"/><Property name="Taste::InheritPI" value="true"/><Property name="Taste::Autonamed" value="true"/></Required_Interface><Required_Interface id="{cd63d972-ab7a-4dce-b3b3-29b8094f7d3b}" name="protected_provided_if_no_params" kind="Protected" enable_multicast="true" layer="default" required_system_element="NO" is_simulink_interface="false" wcet="0"><Property name="Taste::InheritPI" value="true"/><Property name="Taste::Autonamed" value="true"/></Required_Interface><Required_Interface id="{722393cc-8aed-4e74-9b16-e8c0d4b1c605}" name="protected_provided_if_with_params_in" kind="Protected" enable_multicast="true" layer="default" required_system_element="NO" is_simulink_interface="false" wcet="0"><Input_Parameter name="p1" type="MyInteger" encoding="NATIVE"/><Input_Parameter name="p2" type="MySeq" encoding="NATIVE"/><Input_Parameter name="p3" type="MyInteger" encoding="NATIVE"/><Input_Parameter name="p4" type="MySeq" encoding="NATIVE"/><Input_Parameter name="p5" type="MyInteger" encoding="NATIVE"/><Property name="Taste::InheritPI" value="true"/><Property name="Taste::Autonamed" value="true"/></Required_Interface><Required_Interface id="{ff899330-d427-488b-8a54-5a9d6526467d}" name="unportected_provided_if_no_params" kind="Unprotected" enable_multicast="true" layer="default" required_system_element="NO" is_simulink_interface="false" wcet="0"><Property name="Taste::InheritPI" value="true"/><Property name="Taste::Autonamed" value="true"/></Required_Interface><Required_Interface id="{c0e7c547-6ac4-4a44-983e-dad374f731ac}" name="unprotected_provided_if_with_params_in" kind="Unprotected" enable_multicast="true" layer="default" required_system_element="NO" is_simulink_interface="false" wcet="0"><Input_Parameter name="p1" type="MyInteger" encoding="NATIVE"/><Input_Parameter name="p2" type="MySeq" encoding="NATIVE"/><Input_Parameter name="p3" type="MyInteger" encoding="NATIVE"/><Input_Parameter name="p4" type="MySeq" encoding="NATIVE"/><Input_Parameter name="p5" type="MyInteger" encoding="NATIVE"/><Property name="Taste::InheritPI" value="true"/><Property name="Taste::Autonamed" value="true"/></Required_Interface><Required_Interface id="{2e11a151-19e4-4369-a060-8fee792dc113}" name="protected_provided_if_with_params_out" kind="Protected" enable_multicast="true" layer="default" required_system_element="NO" is_simulink_interface="false" wcet="0"><Output_Parameter name="p1" type="MyInteger" encoding="NATIVE"/><Output_Parameter name="p2" type="MySeq" encoding="NATIVE"/><Output_Parameter name="p3" type="MyInteger" encoding="NATIVE"/><Output_Parameter name="p4" type="MySeq" encoding="NATIVE"/><Output_Parameter name="p5" type="MyInteger" encoding="NATIVE"/><Property name="Taste::InheritPI" value="true"/><Property name="Taste::Autonamed" value="true"/></Required_Interface><Required_Interface id="{14e0f81f-e2dc-4b0e-86e4-01dc8bd773c2}" name="unprotected_provided_if_with_params_out" kind="Unprotected" enable_multicast="true" layer="default" required_system_element="NO" is_simulink_interface="false" wcet="0"><Output_Parameter name="p1" type="MyInteger" encoding="NATIVE"/><Output_Parameter name="p2" type="MySeq" encoding="NATIVE"/><Output_Parameter name="p3" type="MyInteger" encoding="NATIVE"/><Output_Parameter name="p4" type="MySeq" encoding="NATIVE"/><Output_Parameter name="p5" type="MyInteger" encoding="NATIVE"/><Property name="Taste::InheritPI" value="true"/><Property name="Taste::Autonamed" value="true"/></Required_Interface><Implementations><Implementation name="default" language="C"/></Implementations><Property name="TASTE_IV_Properties::Default_Codegen" value="Ada"/></Function><Function id="{41238062-506a-444d-b06b-9c74131752e0}" name="testfunction" language="C" is_type="NO" fixed_system_element="NO" required_system_element="NO" default_implementation="default" startup_priority="1" instances_min="1" instances_max="1"><Provided_Interface id="{0a62439c-7622-4b65-8a16-3259e54ff836}" name="sporadic_provided_if_no_param" kind="Sporadic" enable_multicast="true" layer="default" required_system_element="NO" is_simulink_interface="false" wcet="0" queue_size="1" miat="0" stack_size="1024" priority="1"/><Provided_Interface id="{8678f654-b7a4-4582-afbb-2df9cf09a809}" name="sporadic_provided_if_with_param" kind="Sporadic" enable_multicast="true" layer="default" required_system_element="NO" is_simulink_interface="false" wcet="0" queue_size="1" miat="0" stack_size="1024" priority="1"><Input_Parameter name="p1" type="MySeq" encoding="NATIVE"/></Provided_Interface><Provided_Interface id="{ef3c608c-407b-4342-b1aa-d720db050b3b}" name="protected_provided_if_no_params" kind="Protected" enable_multicast="true" layer="default" required_system_element="NO" is_simulink_interface="false" wcet="0"/><Provided_Interface id="{1b1609e2-785a-403f-8c85-13e61bdb73ca}" name="protected_provided_if_with_params_in" kind="Protected" enable_multicast="true" layer="default" required_system_element="NO" is_simulink_interface="false" wcet="0"><Input_Parameter name="p1" type="MyInteger" encoding="NATIVE"/><Input_Parameter name="p2" type="MySeq" encoding="NATIVE"/><Input_Parameter name="p3" type="MyInteger" encoding="NATIVE"/><Input_Parameter name="p4" type="MySeq" encoding="NATIVE"/><Input_Parameter name="p5" type="MyInteger" encoding="NATIVE"/></Provided_Interface><Provided_Interface id="{ae4cdb70-8523-4b23-9137-a7c2c1c2b136}" name="unportected_provided_if_no_params" kind="Unprotected" enable_multicast="true" layer="default" required_system_element="NO" is_simulink_interface="false" wcet="0"/><Provided_Interface id="{42aaf4b1-b2a5-4442-b61b-3249ce0440d7}" name="unprotected_provided_if_with_params_in" kind="Unprotected" enable_multicast="true" layer="default" required_system_element="NO" is_simulink_interface="false" wcet="0"><Input_Parameter name="p1" type="MyInteger" encoding="NATIVE"/><Input_Parameter name="p2" type="MySeq" encoding="NATIVE"/><Input_Parameter name="p3" type="MyInteger" encoding="NATIVE"/><Input_Parameter name="p4" type="MySeq" encoding="NATIVE"/><Input_Parameter name="p5" type="MyInteger" encoding="NATIVE"/></Provided_Interface><Provided_Interface id="{a8d33ce0-549e-4bdc-a832-4fc80cdcc537}" name="protected_provided_if_with_params_out" kind="Protected" enable_multicast="true" layer="default" required_system_element="NO" is_simulink_interface="false" wcet="0"><Output_Parameter name="p1" type="MyInteger" encoding="NATIVE"/><Output_Parameter name="p2" type="MySeq" encoding="NATIVE"/><Output_Parameter name="p3" type="MyInteger" encoding="NATIVE"/><Output_Parameter name="p4" type="MySeq" encoding="NATIVE"/><Output_Parameter name="p5" type="MyInteger" encoding="NATIVE"/></Provided_Interface><Provided_Interface id="{888d8973-d48c-4b81-9a8c-89fa1b451b15}" name="unprotected_provided_if_with_params_out" kind="Unprotected" enable_multicast="true" layer="default" required_system_element="NO" is_simulink_interface="false" wcet="0"><Output_Parameter name="p1" type="MyInteger" encoding="NATIVE"/><Output_Parameter name="p2" type="MySeq" encoding="NATIVE"/><Output_Parameter name="p3" type="MyInteger" encoding="NATIVE"/><Output_Parameter name="p4" type="MySeq" encoding="NATIVE"/><Output_Parameter name="p5" type="MyInteger" encoding="NATIVE"/></Provided_Interface><Provided_Interface id="{f4e9cc74-b133-4826-8577-8acac28f53d3}" name="test_loop" kind="Cyclic" enable_multicast="true" layer="default" required_system_element="NO" is_simulink_interface="false" wcet="0" dispatch_offset="150" stack_size="1024" priority="1"/><Required_Interface id="{d78157a8-1d9b-4044-a07d-d40dea565099}" name="sporadic_required_if_no_param" kind="Sporadic" enable_multicast="true" layer="default" required_system_element="NO" is_simulink_interface="false" wcet="0" queue_size="1" miat="0" stack_size="1024" priority="1"><Property name="Taste::InheritPI" value="true"/><Property name="Taste::Autonamed" value="true"/></Required_Interface><Required_Interface id="{3ab06b90-8eb6-4460-aa03-13cad52016f6}" name="sporadic_required_if_with_param" kind="Sporadic" enable_multicast="true" layer="default" required_system_element="NO" is_simulink_interface="false" wcet="0" queue_size="1" miat="0" stack_size="1024" priority="1"><Input_Parameter name="p1" type="MySeq" encoding="NATIVE"/><Property name="Taste::InheritPI" value="true"/><Property name="Taste::Autonamed" value="true"/></Required_Interface><Required_Interface id="{59f97886-be89-41d5-a6a6-be42ffe369ad}" name="protected_required_if_no_params" kind="Protected" enable_multicast="true" layer="default" required_system_element="NO" is_simulink_interface="false" wcet="0"><Property name="Taste::InheritPI" value="true"/><Property name="Taste::Autonamed" value="true"/>'... 13593 more characters
        - '<InterfaceView version="1.3" asn1file="TEST-SAMV71-INTERFACES.acn" UiFile="interfaceview.ui.xml" modifierHash="8f9a913"><Function id="{c42e15d2-9b8c-4cd6-8d1f-1ae7a454c22a}" name="trigger" is_type="NO" language="C" default_implementation="default" fixed_system_element="NO" required_system_element="NO" startup_priority="1" instances_min="1" instances_max="1"><Property name="TASTE_IV_Properties::Default_Codegen" value="Ada"/><Provided_Interface id="{e266a5a7-61dc-4214-9e88-6bcb53d65bdf}" name="cyclic_if" kind="Cyclic" enable_multicast="true" layer="default" required_system_element="NO" is_simulink_interface="false" wcet="0" stack_size="1024" priority="1"/><Required_Interface id="{54ccc373-50b5-4d3d-986f-288415f2ba98}" name="sporadic_provided_if_no_param" kind="Sporadic" enable_multicast="true" layer="default" required_system_element="NO" is_simulink_interface="false" wcet="0" queue_size="1" miat="0" stack_size="1024" priority="1"><Property name="Taste::InheritPI" value="true"/><Property name="Taste::Autonamed" value="true"/></Required_Interface><Required_Interface id="{7353b3b1-df3f-459b-ab17-0681e9013bec}" name="sporadic_provided_if_with_param" kind="Sporadic" enable_multicast="true" layer="default" required_system_element="NO" is_simulink_interface="false" wcet="0" queue_size="1" miat="0" stack_size="1024" priority="1"><Input_Parameter name="p1" type="MySeq" encoding="NATIVE"/><Property name="Taste::InheritPI" value="true"/><Property name="Taste::Autonamed" value="true"/></Required_Interface><Required_Interface id="{cd63d972-ab7a-4dce-b3b3-29b8094f7d3b}" name="protected_provided_if_no_params" kind="Protected" enable_multicast="true" layer="default" required_system_element="NO" is_simulink_interface="false" wcet="0"><Property name="Taste::InheritPI" value="true"/><Property name="Taste::Autonamed" value="true"/></Required_Interface><Required_Interface id="{722393cc-8aed-4e74-9b16-e8c0d4b1c605}" name="protected_provided_if_with_params_in" kind="Protected" enable_multicast="true" layer="default" required_system_element="NO" is_simulink_interface="false" wcet="0"><Input_Parameter name="p1" type="MyInteger" encoding="NATIVE"/><Input_Parameter name="p2" type="MySeq" encoding="NATIVE"/><Input_Parameter name="p3" type="MyInteger" encoding="NATIVE"/><Input_Parameter name="p4" type="MySeq" encoding="NATIVE"/><Input_Parameter name="p5" type="MyInteger" encoding="NATIVE"/><Property name="Taste::InheritPI" value="true"/><Property name="Taste::Autonamed" value="true"/></Required_Interface><Required_Interface id="{ff899330-d427-488b-8a54-5a9d6526467d}" name="unportected_provided_if_no_params" kind="Unprotected" enable_multicast="true" layer="default" required_system_element="NO" is_simulink_interface="false" wcet="0"><Property name="Taste::InheritPI" value="true"/><Property name="Taste::Autonamed" value="true"/></Required_Interface><Required_Interface id="{c0e7c547-6ac4-4a44-983e-dad374f731ac}" name="unprotected_provided_if_with_params_in" kind="Unprotected" enable_multicast="true" layer="default" required_system_element="NO" is_simulink_interface="false" wcet="0"><Input_Parameter name="p1" type="MyInteger" encoding="NATIVE"/><Input_Parameter name="p2" type="MySeq" encoding="NATIVE"/><Input_Parameter name="p3" type="MyInteger" encoding="NATIVE"/><Input_Parameter name="p4" type="MySeq" encoding="NATIVE"/><Input_Parameter name="p5" type="MyInteger" encoding="NATIVE"/><Property name="Taste::InheritPI" value="true"/><Property name="Taste::Autonamed" value="true"/></Required_Interface><Required_Interface id="{2e11a151-19e4-4369-a060-8fee792dc113}" name="protected_provided_if_with_params_out" kind="Protected" enable_multicast="true" layer="default" required_system_element="NO" is_simulink_interface="false" wcet="0"><Output_Parameter name="p1" type="MyInteger" encoding="NATIVE"/><Output_Parameter name="p2" type="MySeq" encoding="NATIVE"/><Output_Parameter name="p3" type="MyInteger" encoding="NATIVE"/><Output_Parameter name="p4" type="MySeq" encoding="NATIVE"/><Output_Parameter name="p5" type="MyInteger" encoding="NATIVE"/><Property name="Taste::InheritPI" value="true"/><Property name="Taste::Autonamed" value="true"/></Required_Interface><Required_Interface id="{14e0f81f-e2dc-4b0e-86e4-01dc8bd773c2}" name="unprotected_provided_if_with_params_out" kind="Unprotected" enable_multicast="true" layer="default" required_system_element="NO" is_simulink_interface="false" wcet="0"><Output_Parameter name="p1" type="MyInteger" encoding="NATIVE"/><Output_Parameter name="p2" type="MySeq" encoding="NATIVE"/><Output_Parameter name="p3" type="MyInteger" encoding="NATIVE"/><Output_Parameter name="p4" type="MySeq" encoding="NATIVE"/><Output_Parameter name="p5" type="MyInteger" encoding="NATIVE"/><Property name="Taste::InheritPI" value="true"/><Property name="Taste::Autonamed" value="true"/></Required_Interface><Implementations><Implementation name="default" language="C"/></Implementations></Function><Function id="{41238062-506a-444d-b06b-9c74131752e0}" name="testfunction" is_type="NO" language="C" default_implementation="default" fixed_system_element="NO" required_system_element="NO" startup_priority="1" instances_min="1" instances_max="1"><Property name="TASTE_IV_Properties::Default_Codegen" value="Ada"/><Provided_Interface id="{0a62439c-7622-4b65-8a16-3259e54ff836}" name="sporadic_provided_if_no_param" kind="Sporadic" enable_multicast="true" layer="default" required_system_element="NO" is_simulink_interface="false" wcet="0" queue_size="1" miat="0" stack_size="1024" priority="1"/><Provided_Interface id="{8678f654-b7a4-4582-afbb-2df9cf09a809}" name="sporadic_provided_if_with_param" kind="Sporadic" enable_multicast="true" layer="default" required_system_element="NO" is_simulink_interface="false" wcet="0" queue_size="1" miat="0" stack_size="1024" priority="1"><Input_Parameter name="p1" type="MySeq" encoding="NATIVE"/></Provided_Interface><Provided_Interface id="{ef3c608c-407b-4342-b1aa-d720db050b3b}" name="protected_provided_if_no_params" kind="Protected" enable_multicast="true" layer="default" required_system_element="NO" is_simulink_interface="false" wcet="0"/><Provided_Interface id="{1b1609e2-785a-403f-8c85-13e61bdb73ca}" name="protected_provided_if_with_params_in" kind="Protected" enable_multicast="true" layer="default" required_system_element="NO" is_simulink_interface="false" wcet="0"><Input_Parameter name="p1" type="MyInteger" encoding="NATIVE"/><Input_Parameter name="p2" type="MySeq" encoding="NATIVE"/><Input_Parameter name="p3" type="MyInteger" encoding="NATIVE"/><Input_Parameter name="p4" type="MySeq" encoding="NATIVE"/><Input_Parameter name="p5" type="MyInteger" encoding="NATIVE"/></Provided_Interface><Provided_Interface id="{ae4cdb70-8523-4b23-9137-a7c2c1c2b136}" name="unportected_provided_if_no_params" kind="Unprotected" enable_multicast="true" layer="default" required_system_element="NO" is_simulink_interface="false" wcet="0"/><Provided_Interface id="{42aaf4b1-b2a5-4442-b61b-3249ce0440d7}" name="unprotected_provided_if_with_params_in" kind="Unprotected" enable_multicast="true" layer="default" required_system_element="NO" is_simulink_interface="false" wcet="0"><Input_Parameter name="p1" type="MyInteger" encoding="NATIVE"/><Input_Parameter name="p2" type="MySeq" encoding="NATIVE"/><Input_Parameter name="p3" type="MyInteger" encoding="NATIVE"/><Input_Parameter name="p4" type="MySeq" encoding="NATIVE"/><Input_Parameter name="p5" type="MyInteger" encoding="NATIVE"/></Provided_Interface><Provided_Interface id="{a8d33ce0-549e-4bdc-a832-4fc80cdcc537}" name="protected_provided_if_with_params_out" kind="Protected" enable_multicast="true" layer="default" required_system_element="NO" is_simulink_interface="false" wcet="0"><Output_Parameter name="p1" type="MyInteger" encoding="NATIVE"/><Output_Parameter name="p2" type="MySeq" encoding="NATIVE"/><Output_Parameter name="p3" type="MyInteger" encoding="NATIVE"/><Output_Parameter name="p4" type="MySeq" encoding="NATIVE"/><Output_Parameter name="p5" type="MyInteger" encoding="NATIVE"/></Provided_Interface><Provided_Interface id="{888d8973-d48c-4b81-9a8c-89fa1b451b15}" name="unprotected_provided_if_with_params_out" kind="Unprotected" enable_multicast="true" layer="default" required_system_element="NO" is_simulink_interface="false" wcet="0"><Output_Parameter name="p1" type="MyInteger" encoding="NATIVE"/><Output_Parameter name="p2" type="MySeq" encoding="NATIVE"/><Output_Parameter name="p3" type="MyInteger" encoding="NATIVE"/><Output_Parameter name="p4" type="MySeq" encoding="NATIVE"/><Output_Parameter name="p5" type="MyInteger" encoding="NATIVE"/></Provided_Interface><Provided_Interface id="{f4e9cc74-b133-4826-8577-8acac28f53d3}" name="test_loop" kind="Cyclic" enable_multicast="true" layer="default" required_system_element="NO" is_simulink_interface="false" wcet="0" dispatch_offset="150" stack_size="1024" priority="1"/><Required_Interface id="{d78157a8-1d9b-4044-a07d-d40dea565099}" name="sporadic_required_if_no_param" kind="Sporadic" enable_multicast="true" layer="default" required_system_element="NO" is_simulink_interface="false" wcet="0" queue_size="1" miat="0" stack_size="1024" priority="1"><Property name="Taste::InheritPI" value="true"/><Property name="Taste::Autonamed" value="true"/></Required_Interface><Required_Interface id="{3ab06b90-8eb6-4460-aa03-13cad52016f6}" name="sporadic_required_if_with_param" kind="Sporadic" enable_multicast="true" layer="default" required_system_element="NO" is_simulink_interface="false" wcet="0" queue_size="1" miat="0" stack_size="1024" priority="1"><Input_Parameter name="p1" type="MySeq" encoding="NATIVE"/><Property name="Taste::InheritPI" value="true"/><Property name="Taste::Autonamed" value="true"/></Required_Interface><Required_Interface id="{59f97886-be89-41d5-a6a6-be42ffe369ad}" name="protected_required_if_no_params" kind="Protected" enable_multicast="true" layer="default" required_system_element="NO" is_simulink_interface="false" wcet="0"><Property name="Taste::Inheri'... 13379 more characters
      code: 'ERR_ASSERTION'
      name: 'AssertionError'
      expected: '<InterfaceView version="1.3" asn1file="TEST-SAMV71-INTERFACES.acn" UiFile="interfaceview.ui.xml" modifierHash="8f9a913"><Function id="{c42e15d2-9b8c-4cd6-8d1f-1ae7a454c22a}" name="trigger" is_type="NO" language="C" default_implementation="default" fixed_system_element="NO" required_system_element="NO" startup_priority="1" instances_min="1" instances_max="1"><Property name="TASTE_IV_Properties::Default_Codegen" value="Ada"/><Provided_Interface id="{e266a5a7-61dc-4214-9e88-6bcb53d65bdf}" name="cyclic_if" kind="Cyclic" enable_multicast="true" layer="default" required_system_element="NO" is_simulink_interface="false" wcet="0" stack_size="1024" priority="1"/><Required_Interface id="{54ccc373-50b5-4d3d-986f-288415f2ba98}" name="sporadic_provided_if_no_param" kind="Sporadic" enable_multicast="true" layer="default" required_system_element="NO" is_simulink_interface="false" wcet="0" queue_size="1" miat="0" stack_size="1024" priority="1"><Property name="Taste::InheritPI" value="true"/><Property name="Taste::Autonamed" value="true"/></Required_Interface><Required_Interface id="{7353b3b1-df3f-459b-ab17-0681e9013bec}" name="sporadic_provided_if_with_param" kind="Sporadic" enable_multicast="true" layer="default" required_system_element="NO" is_simulink_interface="false" wcet="0" queue_size="1" miat="0" stack_size="1024" priority="1"><Input_Parameter name="p1" type="MySeq" encoding="NATIVE"/><Property name="Taste::InheritPI" value="true"/><Property name="Taste::Autonamed" value="true"/></Required_Interface><Required_Interface id="{cd63d972-ab7a-4dce-b3b3-29b8094f7d3b}" name="protected_provided_if_no_params" kind="Protected" enable_multicast="true" layer="default" required_system_element="NO" is_simulink_interface="false" wcet="0"><Property name="Taste::InheritPI" value="true"/><Property name="Taste::Autonamed" value="true"/></Required_Interface><Required_Interface id="{722393cc-8aed-4e74-9b16-e8c0d4b1c605}" name="protected_provided_if_with_params_in" kind="Protected" enable_multicast="true" layer="default" required_system_element="NO" is_simulink_interface="false" wcet="0"><Input_Parameter name="p1" type="MyInteger" encoding="NATIVE"/><Input_Parameter name="p2" type="MySeq" encoding="NATIVE"/><Input_Parameter name="p3" type="MyInteger" encoding="NATIVE"/><Input_Parameter name="p4" type="MySeq" encoding="NATIVE"/><Input_Parameter name="p5" type="MyInteger" encoding="NATIVE"/><Property name="Taste::InheritPI" value="true"/><Property name="Taste::Autonamed" value="true"/></Required_Interface><Required_Interface id="{ff899330-d427-488b-8a54-5a9d6526467d}" name="unportected_provided_if_no_params" kind="Unprotected" enable_multicast="true" layer="default" required_system_element="NO" is_simulink_interface="false" wcet="0"><Property name="Taste::InheritPI" value="true"/><Property name="Taste::Autonamed" value="true"/></Required_Interface><Required_Interface id="{c0e7c547-6ac4-4a44-983e-dad374f731ac}" name="unprotected_provided_if_with_params_in" kind="Unprotected" enable_multicast="true" layer="default" required_system_element="NO" is_simulink_interface="false" wcet="0"><Input_Parameter name="p1" type="MyInteger" encoding="NATIVE"/><Input_Parameter name="p2" type="MySeq" encoding="NATIVE"/><Input_Parameter name="p3" type="MyInteger" encoding="NATIVE"/><Input_Parameter name="p4" type="MySeq" encoding="NATIVE"/><Input_Parameter name="p5" type="MyInteger" encoding="NATIVE"/><Property name="Taste::InheritPI" value="true"/><Property name="Taste::Autonamed" value="true"/></Required_Interface><Required_Interface id="{2e11a151-19e4-4369-a060-8fee792dc113}" name="protected_provided_if_with_params_out" kind="Protected" enable_multicast="true" layer="default" required_system_element="NO" is_simulink_interface="false" wcet="0"><Output_Parameter name="p1" type="MyInteger" encoding="NATIVE"/><Output_Parameter name="p2" type="MySeq" encoding="NATIVE"/><Output_Parameter name="p3" type="MyInteger" encoding="NATIVE"/><Output_Parameter name="p4" type="MySeq" encoding="NATIVE"/><Output_Parameter name="p5" type="MyInteger" encoding="NATIVE"/><Property name="Taste::InheritPI" value="true"/><Property name="Taste::Autonamed" value="true"/></Required_Interface><Required_Interface id="{14e0f81f-e2dc-4b0e-86e4-01dc8bd773c2}" name="unprotected_provided_if_with_params_out" kind="Unprotected" enable_multicast="true" layer="default" required_system_element="NO" is_simulink_interface="false" wcet="0"><Output_Parameter name="p1" type="MyInteger" encoding="NATIVE"/><Output_Parameter name="p2" type="MySeq" encoding="NATIVE"/><Output_Parameter name="p3" type="MyInteger" encoding="NATIVE"/><Output_Parameter name="p4" type="MySeq" encoding="NATIVE"/><Output_Parameter name="p5" type="MyInteger" encoding="NATIVE"/><Property name="Taste::InheritPI" value="true"/><Property name="Taste::Autonamed" value="true"/></Required_Interface><Implementations><Implementation name="default" language="C"/></Implementations></Function><Function id="{41238062-506a-444d-b06b-9c74131752e0}" name="testfunction" is_type="NO" language="C" default_implementation="default" fixed_system_element="NO" required_system_element="NO" startup_priority="1" instances_min="1" instances_max="1"><Property name="TASTE_IV_Properties::Default_Codegen" value="Ada"/><Provided_Interface id="{0a62439c-7622-4b65-8a16-3259e54ff836}" name="sporadic_provided_if_no_param" kind="Sporadic" enable_multicast="true" layer="default" required_system_element="NO" is_simulink_interface="false" wcet="0" queue_size="1" miat="0" stack_size="1024" priority="1"/><Provided_Interface id="{8678f654-b7a4-4582-afbb-2df9cf09a809}" name="sporadic_provided_if_with_param" kind="Sporadic" enable_multicast="true" layer="default" required_system_element="NO" is_simulink_interface="false" wcet="0" queue_size="1" miat="0" stack_size="1024" priority="1"><Input_Parameter name="p1" type="MySeq" encoding="NATIVE"/></Provided_Interface><Provided_Interface id="{ef3c608c-407b-4342-b1aa-d720db050b3b}" name="protected_provided_if_no_params" kind="Protected" enable_multicast="true" layer="default" required_system_element="NO" is_simulink_interface="false" wcet="0"/><Provided_Interface id="{1b1609e2-785a-403f-8c85-13e61bdb73ca}" name="protected_provided_if_with_params_in" kind="Protected" enable_multicast="true" layer="default" required_system_element="NO" is_simulink_interface="false" wcet="0"><Input_Parameter name="p1" type="MyInteger" encoding="NATIVE"/><Input_Parameter name="p2" type="MySeq" encoding="NATIVE"/><Input_Parameter name="p3" type="MyInteger" encoding="NATIVE"/><Input_Parameter name="p4" type="MySeq" encoding="NATIVE"/><Input_Parameter name="p5" type="MyInteger" encoding="NATIVE"/></Provided_Interface><Provided_Interface id="{ae4cdb70-8523-4b23-9137-a7c2c1c2b136}" name="unportected_provided_if_no_params" kind="Unprotected" enable_multicast="true" layer="default" required_system_element="NO" is_simulink_interface="false" wcet="0"/><Provided_Interface id="{42aaf4b1-b2a5-4442-b61b-3249ce0440d7}" name="unprotected_provided_if_with_params_in" kind="Unprotected" enable_multicast="true" layer="default" required_system_element="NO" is_simulink_interface="false" wcet="0"><Input_Parameter name="p1" type="MyInteger" encoding="NATIVE"/><Input_Parameter name="p2" type="MySeq" encoding="NATIVE"/><Input_Parameter name="p3" type="MyInteger" encoding="NATIVE"/><Input_Parameter name="p4" type="MySeq" encoding="NATIVE"/><Input_Parameter name="p5" type="MyInteger" encoding="NATIVE"/></Provided_Interface><Provided_Interface id="{a8d33ce0-549e-4bdc-a832-4fc80cdcc537}" name="protected_provided_if_with_params_out" kind="Protected" enable_multicast="true" layer="default" required_system_element="NO" is_simulink_interface="false" wcet="0"><Output_Parameter name="p1" type="MyInteger" encoding="NATIVE"/><Output_Parameter name="p2" type="MySeq" encoding="NATIVE"/><Output_Parameter name="p3" type="MyInteger" encoding="NATIVE"/><Output_Parameter name="p4" type="MySeq" encoding="NATIVE"/><Output_Parameter name="p5" type="MyInteger" encoding="NATIVE"/></Provided_Interface><Provided_Interface id="{888d8973-d48c-4b81-9a8c-89fa1b451b15}" name="unprotected_provided_if_with_params_out" kind="Unprotected" enable_multicast="true" layer="default" required_system_element="NO" is_simulink_interface="false" wcet="0"><Output_Parameter name="p1" type="MyInteger" encoding="NATIVE"/><Output_Parameter name="p2" type="MySeq" encoding="NATIVE"/><Output_Parameter name="p3" type="MyInteger" encoding="NATIVE"/><Output_Parameter name="p4" type="MySeq" encoding="NATIVE"/><Output_Parameter name="p5" type="MyInteger" encoding="NATIVE"/></Provided_Interface><Provided_Interface id="{f4e9cc74-b133-4826-8577-8acac28f53d3}" name="test_loop" kind="Cyclic" enable_multicast="true" layer="default" required_system_element="NO" is_simulink_interface="false" wcet="0" dispatch_offset="150" stack_size="1024" priority="1"/><Required_Interface id="{d78157a8-1d9b-4044-a07d-d40dea565099}" name="sporadic_required_if_no_param" kind="Sporadic" enable_multicast="true" layer="default" required_system_element="NO" is_simulink_interface="false" wcet="0" queue_size="1" miat="0" stack_size="1024" priority="1"><Property name="Taste::InheritPI" value="true"/><Property name="Taste::Autonamed" value="true"/></Required_Interface><Required_Interface id="{3ab06b90-8eb6-4460-aa03-13cad52016f6}" name="sporadic_required_if_with_param" kind="Sporadic" enable_multicast="true" layer="default" required_system_element="NO" is_simulink_interface="false" wcet="0" queue_size="1" miat="0" stack_size="1024" priority="1"><Input_Parameter name="p1" type="MySeq" encoding="NATIVE"/><Property name="Taste::InheritPI" value="true"/><Property name="Taste::Autonamed" value="true"/></Required_Interface><Required_Interface id="{59f97886-be89-41d5-a6a6-be42ffe369ad}" name="protected_required_if_no_params" kind="Protected" enable_multicast="true" layer="default" required_system_element="NO" is_simulink_interface="false" wcet="0"><Property name="Taste::Inheri'... 13379 more characters
      actual: '<InterfaceView version="1.3" asn1file="TEST-SAMV71-INTERFACES.acn" UiFile="interfaceview.ui.xml" modifierHash="8f9a913"><Function id="{c42e15d2-9b8c-4cd6-8d1f-1ae7a454c22a}" name="trigger" language="C" is_type="NO" fixed_system_element="NO" required_system_element="NO" default_implementation="default" startup_priority="1" instances_min="1" instances_max="1"><Provided_Interface id="{e266a5a7-61dc-4214-9e88-6bcb53d65bdf}" name="cyclic_if" kind="Cyclic" enable_multicast="true" layer="default" required_system_element="NO" is_simulink_interface="false" wcet="0" stack_size="1024" priority="1"/><Required_Interface id="{54ccc373-50b5-4d3d-986f-288415f2ba98}" name="sporadic_provided_if_no_param" kind="Sporadic" enable_multicast="true" layer="default" required_system_element="NO" is_simulink_interface="false" wcet="0" queue_size="1" miat="0" stack_size="1024" priority="1"><Property name="Taste::InheritPI" value="true"/><Property name="Taste::Autonamed" value="true"/></Required_Interface><Required_Interface id="{7353b3b1-df3f-459b-ab17-0681e9013bec}" name="sporadic_provided_if_with_param" kind="Sporadic" enable_multicast="true" layer="default" required_system_element="NO" is_simulink_interface="false" wcet="0" queue_size="1" miat="0" stack_size="1024" priority="1"><Input_Parameter name="p1" type="MySeq" encoding="NATIVE"/><Property name="Taste::InheritPI" value="true"/><Property name="Taste::Autonamed" value="true"/></Required_Interface><Required_Interface id="{cd63d972-ab7a-4dce-b3b3-29b8094f7d3b}" name="protected_provided_if_no_params" kind="Protected" enable_multicast="true" layer="default" required_system_element="NO" is_simulink_interface="false" wcet="0"><Property name="Taste::InheritPI" value="true"/><Property name="Taste::Autonamed" value="true"/></Required_Interface><Required_Interface id="{722393cc-8aed-4e74-9b16-e8c0d4b1c605}" name="protected_provided_if_with_params_in" kind="Protected" enable_multicast="true" layer="default" required_system_element="NO" is_simulink_interface="false" wcet="0"><Input_Parameter name="p1" type="MyInteger" encoding="NATIVE"/><Input_Parameter name="p2" type="MySeq" encoding="NATIVE"/><Input_Parameter name="p3" type="MyInteger" encoding="NATIVE"/><Input_Parameter name="p4" type="MySeq" encoding="NATIVE"/><Input_Parameter name="p5" type="MyInteger" encoding="NATIVE"/><Property name="Taste::InheritPI" value="true"/><Property name="Taste::Autonamed" value="true"/></Required_Interface><Required_Interface id="{ff899330-d427-488b-8a54-5a9d6526467d}" name="unportected_provided_if_no_params" kind="Unprotected" enable_multicast="true" layer="default" required_system_element="NO" is_simulink_interface="false" wcet="0"><Property name="Taste::InheritPI" value="true"/><Property name="Taste::Autonamed" value="true"/></Required_Interface><Required_Interface id="{c0e7c547-6ac4-4a44-983e-dad374f731ac}" name="unprotected_provided_if_with_params_in" kind="Unprotected" enable_multicast="true" layer="default" required_system_element="NO" is_simulink_interface="false" wcet="0"><Input_Parameter name="p1" type="MyInteger" encoding="NATIVE"/><Input_Parameter name="p2" type="MySeq" encoding="NATIVE"/><Input_Parameter name="p3" type="MyInteger" encoding="NATIVE"/><Input_Parameter name="p4" type="MySeq" encoding="NATIVE"/><Input_Parameter name="p5" type="MyInteger" encoding="NATIVE"/><Property name="Taste::InheritPI" value="true"/><Property name="Taste::Autonamed" value="true"/></Required_Interface><Required_Interface id="{2e11a151-19e4-4369-a060-8fee792dc113}" name="protected_provided_if_with_params_out" kind="Protected" enable_multicast="true" layer="default" required_system_element="NO" is_simulink_interface="false" wcet="0"><Output_Parameter name="p1" type="MyInteger" encoding="NATIVE"/><Output_Parameter name="p2" type="MySeq" encoding="NATIVE"/><Output_Parameter name="p3" type="MyInteger" encoding="NATIVE"/><Output_Parameter name="p4" type="MySeq" encoding="NATIVE"/><Output_Parameter name="p5" type="MyInteger" encoding="NATIVE"/><Property name="Taste::InheritPI" value="true"/><Property name="Taste::Autonamed" value="true"/></Required_Interface><Required_Interface id="{14e0f81f-e2dc-4b0e-86e4-01dc8bd773c2}" name="unprotected_provided_if_with_params_out" kind="Unprotected" enable_multicast="true" layer="default" required_system_element="NO" is_simulink_interface="false" wcet="0"><Output_Parameter name="p1" type="MyInteger" encoding="NATIVE"/><Output_Parameter name="p2" type="MySeq" encoding="NATIVE"/><Output_Parameter name="p3" type="MyInteger" encoding="NATIVE"/><Output_Parameter name="p4" type="MySeq" encoding="NATIVE"/><Output_Parameter name="p5" type="MyInteger" encoding="NATIVE"/><Property name="Taste::InheritPI" value="true"/><Property name="Taste::Autonamed" value="true"/></Required_Interface><Implementations><Implementation name="default" language="C"/></Implementations><Property name="TASTE_IV_Properties::Default_Codegen" value="Ada"/></Function><Function id="{41238062-506a-444d-b06b-9c74131752e0}" name="testfunction" language="C" is_type="NO" fixed_system_element="NO" required_system_element="NO" default_implementation="default" startup_priority="1" instances_min="1" instances_max="1"><Provided_Interface id="{0a62439c-7622-4b65-8a16-3259e54ff836}" name="sporadic_provided_if_no_param" kind="Sporadic" enable_multicast="true" layer="default" required_system_element="NO" is_simulink_interface="false" wcet="0" queue_size="1" miat="0" stack_size="1024" priority="1"/><Provided_Interface id="{8678f654-b7a4-4582-afbb-2df9cf09a809}" name="sporadic_provided_if_with_param" kind="Sporadic" enable_multicast="true" layer="default" required_system_element="NO" is_simulink_interface="false" wcet="0" queue_size="1" miat="0" stack_size="1024" priority="1"><Input_Parameter name="p1" type="MySeq" encoding="NATIVE"/></Provided_Interface><Provided_Interface id="{ef3c608c-407b-4342-b1aa-d720db050b3b}" name="protected_provided_if_no_params" kind="Protected" enable_multicast="true" layer="default" required_system_element="NO" is_simulink_interface="false" wcet="0"/><Provided_Interface id="{1b1609e2-785a-403f-8c85-13e61bdb73ca}" name="protected_provided_if_with_params_in" kind="Protected" enable_multicast="true" layer="default" required_system_element="NO" is_simulink_interface="false" wcet="0"><Input_Parameter name="p1" type="MyInteger" encoding="NATIVE"/><Input_Parameter name="p2" type="MySeq" encoding="NATIVE"/><Input_Parameter name="p3" type="MyInteger" encoding="NATIVE"/><Input_Parameter name="p4" type="MySeq" encoding="NATIVE"/><Input_Parameter name="p5" type="MyInteger" encoding="NATIVE"/></Provided_Interface><Provided_Interface id="{ae4cdb70-8523-4b23-9137-a7c2c1c2b136}" name="unportected_provided_if_no_params" kind="Unprotected" enable_multicast="true" layer="default" required_system_element="NO" is_simulink_interface="false" wcet="0"/><Provided_Interface id="{42aaf4b1-b2a5-4442-b61b-3249ce0440d7}" name="unprotected_provided_if_with_params_in" kind="Unprotected" enable_multicast="true" layer="default" required_system_element="NO" is_simulink_interface="false" wcet="0"><Input_Parameter name="p1" type="MyInteger" encoding="NATIVE"/><Input_Parameter name="p2" type="MySeq" encoding="NATIVE"/><Input_Parameter name="p3" type="MyInteger" encoding="NATIVE"/><Input_Parameter name="p4" type="MySeq" encoding="NATIVE"/><Input_Parameter name="p5" type="MyInteger" encoding="NATIVE"/></Provided_Interface><Provided_Interface id="{a8d33ce0-549e-4bdc-a832-4fc80cdcc537}" name="protected_provided_if_with_params_out" kind="Protected" enable_multicast="true" layer="default" required_system_element="NO" is_simulink_interface="false" wcet="0"><Output_Parameter name="p1" type="MyInteger" encoding="NATIVE"/><Output_Parameter name="p2" type="MySeq" encoding="NATIVE"/><Output_Parameter name="p3" type="MyInteger" encoding="NATIVE"/><Output_Parameter name="p4" type="MySeq" encoding="NATIVE"/><Output_Parameter name="p5" type="MyInteger" encoding="NATIVE"/></Provided_Interface><Provided_Interface id="{888d8973-d48c-4b81-9a8c-89fa1b451b15}" name="unprotected_provided_if_with_params_out" kind="Unprotected" enable_multicast="true" layer="default" required_system_element="NO" is_simulink_interface="false" wcet="0"><Output_Parameter name="p1" type="MyInteger" encoding="NATIVE"/><Output_Parameter name="p2" type="MySeq" encoding="NATIVE"/><Output_Parameter name="p3" type="MyInteger" encoding="NATIVE"/><Output_Parameter name="p4" type="MySeq" encoding="NATIVE"/><Output_Parameter name="p5" type="MyInteger" encoding="NATIVE"/></Provided_Interface><Provided_Interface id="{f4e9cc74-b133-4826-8577-8acac28f53d3}" name="test_loop" kind="Cyclic" enable_multicast="true" layer="default" required_system_element="NO" is_simulink_interface="false" wcet="0" dispatch_offset="150" stack_size="1024" priority="1"/><Required_Interface id="{d78157a8-1d9b-4044-a07d-d40dea565099}" name="sporadic_required_if_no_param" kind="Sporadic" enable_multicast="true" layer="default" required_system_element="NO" is_simulink_interface="false" wcet="0" queue_size="1" miat="0" stack_size="1024" priority="1"><Property name="Taste::InheritPI" value="true"/><Property name="Taste::Autonamed" value="true"/></Required_Interface><Required_Interface id="{3ab06b90-8eb6-4460-aa03-13cad52016f6}" name="sporadic_required_if_with_param" kind="Sporadic" enable_multicast="true" layer="default" required_system_element="NO" is_simulink_interface="false" wcet="0" queue_size="1" miat="0" stack_size="1024" priority="1"><Input_Parameter name="p1" type="MySeq" encoding="NATIVE"/><Property name="Taste::InheritPI" value="true"/><Property name="Taste::Autonamed" value="true"/></Required_Interface><Required_Interface id="{59f97886-be89-41d5-a6a6-be42ffe369ad}" name="protected_required_if_no_params" kind="Protected" enable_multicast="true" layer="default" required_system_element="NO" is_simulink_interface="false" wcet="0"><Property name="Taste::InheritPI" value="true"/><Property name="Taste::Autonamed" value="true"/>'... 13593 more characters
      operator: 'strictEqual'
      stack: |-
        TestContext.<anonymous> (/home/lurker/Workspaces/vscive/.test-out/test/interfaceview.test.js:40:30)
        async Test.run (node:internal/test_runner/test:632:9)
        async TestContext.<anonymous> (/home/lurker/Workspaces/vscive/.test-out/test/interfaceview.test.js:37:9)
        async Test.run (node:internal/test_runner/test:632:9)
        async Test.processPendingSubtests (node:internal/test_runner/test:374:7)
      ...
    1..3
not ok 2 - round-trips selected interfaceview.xml files ignoring whitespace only
  ---
  duration_ms: 19.852791
  location: '/home/lurker/Workspaces/vscive/.test-out/test/interfaceview.test.js:35:22'
  failureType: 'subtestsFailed'
  error: '3 subtests failed'
  code: 'ERR_TEST_FAILURE'
  ...
1..2
# tests 11
# suites 0
# pass 7
# fail 4
# cancelled 0
# skipped 0
# todo 0
# duration_ms 133.98135
